Component: ARM Compiler 5.06 update 5 (build 528) Tool: armlink [4d35e2]

==============================================================================

Section Cross References

    startup_stm32f405xx.o(RESET) refers to startup_stm32f405xx.o(STACK) for __initial_sp
    startup_stm32f405xx.o(RESET) refers to startup_stm32f405xx.o(.text) for Reset_Handler
    startup_stm32f405xx.o(RESET) refers to stm32f4xx_it.o(i.NMI_Handler) for NMI_Handler
    startup_stm32f405xx.o(RESET) refers to stm32f4xx_it.o(i.HardFault_Handler) for HardFault_Handler
    startup_stm32f405xx.o(RESET) refers to stm32f4xx_it.o(i.MemManage_Handler) for MemManage_Handler
    startup_stm32f405xx.o(RESET) refers to stm32f4xx_it.o(i.BusFault_Handler) for BusFault_Handler
    startup_stm32f405xx.o(RESET) refers to stm32f4xx_it.o(i.UsageFault_Handler) for UsageFault_Handler
    startup_stm32f405xx.o(RESET) refers to stm32f4xx_it.o(i.SVC_Handler) for SVC_Handler
    startup_stm32f405xx.o(RESET) refers to stm32f4xx_it.o(i.DebugMon_Handler) for DebugMon_Handler
    startup_stm32f405xx.o(RESET) refers to stm32f4xx_it.o(i.PendSV_Handler) for PendSV_Handler
    startup_stm32f405xx.o(RESET) refers to stm32f4xx_it.o(i.SysTick_Handler) for SysTick_Handler
    startup_stm32f405xx.o(RESET) refers to stm32f4xx_it.o(i.CAN1_RX0_IRQHandler) for CAN1_RX0_IRQHandler
    startup_stm32f405xx.o(RESET) refers to stm32f4xx_it.o(i.CAN1_RX1_IRQHandler) for CAN1_RX1_IRQHandler
    startup_stm32f405xx.o(RESET) refers to stm32f4xx_it.o(i.TIM3_IRQHandler) for TIM3_IRQHandler
    startup_stm32f405xx.o(RESET) refers to main.o(i.DMA2_Stream0_IRQHandler) for DMA2_Stream0_IRQHandler
    startup_stm32f405xx.o(RESET) refers to stm32f4xx_it.o(i.DMA2_Stream2_IRQHandler) for DMA2_Stream2_IRQHandler
    startup_stm32f405xx.o(RESET) refers to stm32f4xx_it.o(i.OTG_FS_IRQHandler) for OTG_FS_IRQHandler
    startup_stm32f405xx.o(.text) refers to system_stm32f4xx.o(i.SystemInit) for SystemInit
    startup_stm32f405xx.o(.text) refers to entry.o(.ARM.Collect$$$$00000000) for __main
    current_functions.o(i._sincos_1_) refers to f2d.o(.text) for __aeabi_f2d
    current_functions.o(i._sincos_1_) refers to cdcmple.o(.text) for __aeabi_cdcmple
    current_functions.o(i._sincos_1_) refers to dmul.o(.text) for __aeabi_dmul
    current_functions.o(i._sincos_1_) refers to dadd.o(.text) for __aeabi_dadd
    current_functions.o(i._sincos_1_) refers to d2f.o(.text) for __aeabi_d2f
    current_functions.o(i._sincos_1_) refers to cdrcmple.o(.text) for __aeabi_cdrcmple
    main.o(i.DMA2_Stream0_IRQHandler) refers to stm32f4xx_hal_gpio.o(i.HAL_GPIO_WritePin) for HAL_GPIO_WritePin
    main.o(i.DMA2_Stream0_IRQHandler) refers to current_functions.o(i.clark_transform) for clark_transform
    main.o(i.DMA2_Stream0_IRQHandler) refers to current_functions.o(i.park_transform) for park_transform
    main.o(i.DMA2_Stream0_IRQHandler) refers to main.o(i._atan2_) for _atan2_
    main.o(i.DMA2_Stream0_IRQHandler) refers to sqrtf.o(i.__hardfp_sqrtf) for __hardfp_sqrtf
    main.o(i.DMA2_Stream0_IRQHandler) refers to pid_controller.o(i.pll_update) for pll_update
    main.o(i.DMA2_Stream0_IRQHandler) refers to fmodf.o(i.__hardfp_fmodf) for __hardfp_fmodf
    main.o(i.DMA2_Stream0_IRQHandler) refers to pid_controller.o(i.pi_update) for pi_update
    main.o(i.DMA2_Stream0_IRQHandler) refers to current_functions.o(i.inv_park_transform) for inv_park_transform
    main.o(i.DMA2_Stream0_IRQHandler) refers to current_functions.o(i.inv_clark_transform) for inv_clark_transform
    main.o(i.DMA2_Stream0_IRQHandler) refers to stm32f4xx_hal_spi.o(i.HAL_SPI_Receive) for HAL_SPI_Receive
    main.o(i.DMA2_Stream0_IRQHandler) refers to main.o(.bss) for adc_res
    main.o(i.DMA2_Stream0_IRQHandler) refers to main.o(.data) for space_current_vector
    main.o(i.DMA2_Stream0_IRQHandler) refers to spi.o(.bss) for hspi1
    main.o(i.DWT_stop_timer) refers to main.o(.data) for count_tic
    main.o(i.HAL_CAN_RxFifo0MsgPendingCallback) refers to stm32f4xx_hal_gpio.o(i.HAL_GPIO_WritePin) for HAL_GPIO_WritePin
    main.o(i.HAL_CAN_RxFifo0MsgPendingCallback) refers to stm32f4xx_hal_can.o(i.HAL_CAN_GetRxMessage) for HAL_CAN_GetRxMessage
    main.o(i.HAL_CAN_RxFifo0MsgPendingCallback) refers to main.o(.data) for can_Rx_arr
    main.o(i.HAL_CAN_RxFifo0MsgPendingCallback) refers to main.o(.bss) for motor
    main.o(i.HAL_TIM_PeriodElapsedCallback) refers to stm32f4xx_hal_can.o(i.HAL_CAN_AddTxMessage) for HAL_CAN_AddTxMessage
    main.o(i.HAL_TIM_PeriodElapsedCallback) refers to main.o(.data) for can_Tx_arr
    main.o(i.HAL_TIM_PeriodElapsedCallback) refers to main.o(.bss) for motor
    main.o(i.HAL_TIM_PeriodElapsedCallback) refers to can.o(.bss) for hcan1
    main.o(i.SystemClock_Config) refers to memseta.o(.text) for __aeabi_memclr4
    main.o(i.SystemClock_Config) refers to stm32f4xx_hal_rcc.o(i.HAL_RCC_OscConfig) for HAL_RCC_OscConfig
    main.o(i.SystemClock_Config) refers to main.o(i.Error_Handler) for Error_Handler
[...]
    .bss                                     0x2000045c   Section       20  dac.o(.bss)
    .bss                                     0x20000470   Section      184  spi.o(.bss)
    .bss                                     0x20000528   Section      192  tim.o(.bss)
    .bss                                     0x200005e8   Section      668  usb_device.o(.bss)
    .bss                                     0x20000884   Section     1032  usbd_conf.o(.bss)
    .bss                                     0x20000c8c   Section      512  usbd_desc.o(.bss)
    .bss                                     0x20000e8c   Section      128  usbd_cdc_if.o(.bss)
    .bss                                     0x20000f0c   Section     8192  motor_calibration.o(.bss)
    HEAP                                     0x20002f10   Section      512  startup_stm32f405xx.o(HEAP)
    STACK                                    0x20003110   Section     1024  startup_stm32f405xx.o(STACK)

    Global Symbols

    Symbol Name                              Value     Ov Type        Size  Object(Section)

    BuildAttributes$$THM_ISAv4$E$P$D$K$B$S$7EM$VFPi3$EXTD16$VFPS$VFMA$PE$A:L22UL41UL21$X:L11$S22US41US21$IEEE1$IW$USESV6$~STKCKD$USESV7$~SHL$OTIME$ROPI$IEEEX$EBA8$MICROLIB$REQ8$PRES8$EABIv2 0x00000000   Number         0  anon$$obj.o ABSOLUTE
    __ARM_use_no_argv                        0x00000000   Number         0  main.o ABSOLUTE
    __cpp_initialize__aeabi_                  - Undefined Weak Reference
    __cxa_finalize                            - Undefined Weak Reference
    _clock_init                               - Undefined Weak Reference
    _microlib_exit                            - Undefined Weak Reference
    __Vectors_Size                           0x00000188   Number         0  startup_stm32f405xx.o ABSOLUTE
    __Vectors                                0x08000000   Data           4  startup_stm32f405xx.o(RESET)
    __Vectors_End                            0x08000188   Data           0  startup_stm32f405xx.o(RESET)
    __main                                   0x08000189   Thumb Code     0  entry.o(.ARM.Collect$$$$00000000)
    _main_stk                                0x08000189   Thumb Code     0  entry2.o(.ARM.Collect$$$$00000001)
    _main_scatterload                        0x0800018d   Thumb Code     0  entry5.o(.ARM.Collect$$$$00000004)
    __main_after_scatterload                 0x08000191   Thumb Code     0  entry5.o(.ARM.Collect$$$$00000004)
    _main_clock                              0x08000191   Thumb Code     0  entry7b.o(.ARM.Collect$$$$00000008)
    _main_cpp_init                           0x08000191   Thumb Code     0  entry8b.o(.ARM.Collect$$$$0000000A)
    _main_init                               0x08000191   Thumb Code     0  entry9a.o(.ARM.Collect$$$$0000000B)
    __rt_final_cpp                           0x08000199   Thumb Code     0  entry10a.o(.ARM.Collect$$$$0000000D)
    __rt_final_exit                          0x08000199   Thumb Code     0  entry11a.o(.ARM.Collect$$$$0000000F)
    Reset_Handler                            0x0800019d   Thumb Code     8  startup_stm32f405xx.o(.text)
    ADC_IRQHandler                           0x080001b7   Thumb Code     0  startup_stm32f405xx.o(.text)
    CAN1_SCE_IRQHandler                      0x080001b7   Thumb Code     0  startup_stm32f405xx.o(.text)
    CAN1_TX_IRQHandler                       0x080001b7   Thumb Code     0  startup_stm32f405xx.o(.text)
    CAN2_RX0_IRQHandler                      0x080001b7   Thumb Code     0  startup_stm32f405xx.o(.text)
    CAN2_RX1_IRQHandler                      0x080001b7   Thumb Code     0  startup_stm32f405xx.o(.text)
    CAN2_SCE_IRQHandler                      0x080001b7   Thumb Code     0  startup_stm32f405xx.o(.text)
    CAN2_TX_IRQHandler                       0x080001b7   Thumb Code     0  startup_stm32f405xx.o(.text)
    DMA1_Stream0_IRQHandler                  0x080001b7   Thumb Code     0  startup_stm32f405xx.o(.text)
    DMA1_Stream1_IRQHandler                  0x080001b7   Thumb Code     0  startup_stm32f405xx.o(.text)
    DMA1_Stream2_IRQHandler                  0x080001b7   Thumb Code     0  startup_stm32f405xx.o(.text)
    DMA1_Stream3_IRQHandler                  0x080001b7   Thumb Code     0  startup_stm32f405xx.o(.text)
    DMA1_Stream4_IRQHandler                  0x080001b7   Thumb Code     0  startup_stm32f405xx.o(.text)
    DMA1_Stream5_IRQHandler                  0x080001b7   Thumb Code     0  startup_stm32f405xx.o(.text)
    DMA1_Stream6_IRQHandler                  0x080001b7   Thumb Code     0  startup_stm32f405xx.o(.text)
    DMA1_Stream7_IRQHandler                  0x080001b7   Thumb Code     0  startup_stm32f405xx.o(.text)
    DMA2_Stream1_IRQHandler                  0x080001b7   Thumb Code     0  startup_stm32f405xx.o(.text)
    DMA2_Stream3_IRQHandler                  0x080001b7   Thumb Code     0  startup_stm32f405xx.o(.text)
    DMA2_Stream4_IRQHandler                  0x080001b7   Thumb Code     0  startup_stm32f405xx.o(.text)
    DMA2_Stream5_IRQHandler                  0x080001b7   Thumb Code     0  startup_stm32f405xx.o(.text)
    DMA2_Stream6_IRQHandler                  0x080001b7   Thumb Code     0  startup_stm32f405xx.o(.text)
    DMA2_Stream7_IRQHandler                  0x080001b7   Thumb Code     0  startup_stm32f405xx.o(.text)
    EXTI0_IRQHandler                         0x080001b7   Thumb Code     0  startup_stm32f405xx.o(.text)
    EXTI15_10_IRQHandler                     0x080001b7   Thumb Code     0  startup_stm32f405xx.o(.text)
    EXTI1_IRQHandler                         0x080001b7   Thumb Code     0  startup_stm32f405xx.o(.text)
    EXTI2_IRQHandler                         0x080001b7   Thumb Code     0  startup_stm32f405xx.o(.text)
    EXTI3_IRQHandler                         0x080001b7   Thumb Code     0  startup_stm32f405xx.o(.text)
    EXTI4_IRQHandler                         0x080001b7   Thumb Code     0  startup_stm32f405xx.o(.text)
    EXTI9_5_IRQHandler                       0x080001b7   Thumb Code     0  startup_stm32f405xx.o(.text)
    FLASH_IRQHandler                         0x080001b7   Thumb Code     0  startup_stm32f405xx.o(.text)
    FMC_IRQHandler                           0x080001b7   Thumb Code     0  startup_stm32f405xx.o(.text)
    FPU_IRQHandler                           0x080001b7   Thumb Code     0  startup_stm32f405xx.o(.text)
    HASH_RNG_IRQHandler                      0x080001b7   Thumb Code     0  startup_stm32f405xx.o(.text)
    I2C1_ER_IRQHandler                       0x080001b7   Thumb Code     0  startup_stm32f405xx.o(.text)
    I2C1_EV_IRQHandler                       0x080001b7   Thumb Code     0  startup_stm32f405xx.o(.text)
    I2C2_ER_IRQHandler                       0x080001b7   Thumb Code     0  startup_stm32f405xx.o(.text)
    I2C2_EV_IRQHandler                       0x080001b7   Thumb Code     0  startup_stm32f405xx.o(.text)
    I2C3_ER_IRQHandler                       0x080001b7   Thumb Code     0  startup_stm32f405xx.o(.text)
    I2C3_EV_IRQHandler                       0x080001b7   Thumb Code     0  startup_stm32f405xx.o(.text)
    OTG_FS_WKUP_IRQHandler                   0x080001b7   Thumb Code     0  startup_stm32f405xx.o(.text)
    OTG_HS_EP1_IN_IRQHandler                 0x080001b7   Thumb Code     0  startup_stm32f405xx.o(.text)
    OTG_HS_EP1_OUT_IRQHandler                0x080001b7   Thumb Code     0  startup_stm32f405xx.o(.text)
    OTG_HS_IRQHandler                        0x080001b7   Thumb Code     0  startup_stm32f405xx.o(.text)
    OTG_HS_WKUP_IRQHandler                   0x080001b7   Thumb Code     0  startup_stm32f405xx.o(.text)
    PVD_IRQHandler                           0x080001b7   Thumb Code     0  startup_stm32f405xx.o(.text)
    RCC_IRQHandler                           0x080001b7   Thumb Code     0  startup_stm32f405xx.o(.text)
    RTC_Alarm_IRQHandler                     0x080001b7   Thumb Code     0  startup_stm32f405xx.o(.text)
    RTC_WKUP_IRQHandler                      0x080001b7   Thumb Code     0  startup_stm32f405xx.o(.text)
    SDIO_IRQHandler                          0x080001b7   Thumb Code     0  startup_stm32f405xx.o(.text)
    SPI1_IRQHandler                          0x080001b7   Thumb Code     0  startup_stm32f405xx.o(.text)
    SPI2_IRQHandler                          0x080001b7   Thumb Code     0  startup_stm32f405xx.o(.text)
    SPI3_IRQHandler                          0x080001b7   Thumb Code     0  startup_stm32f405xx.o(.text)
    TAMP_STAMP_IRQHandler                    0x080001b7   Thumb Code     0  startup_stm32f405xx.o(.text)
    TIM1_BRK_TIM9_IRQHandler                 0x080001b7   Thumb Code     0  startup_stm32f405xx.o(.text)
    TIM1_CC_IRQHandler                       0x080001b7   Thumb Code     0  startup_stm32f405xx.o(.text)
    TIM1_TRG_COM_TIM11_IRQHandler            0x080001b7   Thumb Code     0  startup_stm32f405xx.o(.text)
    TIM1_UP_TIM10_IRQHandler                 0x080001b7   Thumb Code     0  startup_stm32f405xx.o(.text)
    TIM2_IRQHandler                          0x080001b7   Thumb Code     0  startup_stm32f405xx.o(.text)
    TIM4_IRQHandler                          0x080001b7   Thumb Code     0  startup_stm32f405xx.o(.text)
    TIM5_IRQHandler                          0x080001b7   Thumb Code     0  startup_stm32f405xx.o(.text)
    TIM6_DAC_IRQHandler                      0x080001b7   Thumb Code     0  startup_stm32f405xx.o(.text)
    TIM7_IRQHandler                          0x080001b7   Thumb Code     0  startup_stm32f405xx.o(.text)
    TIM8_BRK_TIM12_IRQHandler                0x080001b7   Thumb Code     0  startup_stm32f405xx.o(.text)
    TIM8_CC_IRQHandler                       0x080001b7   Thumb Code     0  startup_stm32f405xx.o(.text)
    TIM8_TRG_COM_TIM14_IRQHandler            0x080001b7   Thumb Code     0  startup_stm32f405xx.o(.text)
    TIM8_UP_TIM13_IRQHandler                 0x080001b7   Thumb Code     0  startup_stm32f405xx.o(.text)
    UART4_IRQHandler                         0x080001b7   Thumb Code     0  startup_stm32f405xx.o(.text)
    UART5_IRQHandler                         0x080001b7   Thumb Code     0  startup_stm32f405xx.o(.text)
    USART1_IRQHandler                        0x080001b7   Thumb Code     0  startup_stm32f405xx.o(.text)
    USART2_IRQHandler                        0x080001b7   Thumb Code     0  startup_stm32f405xx.o(.text)
    USART3_IRQHandler                        0x080001b7   Thumb Code     0  startup_stm32f405xx.o(.text)
    USART6_IRQHandler                        0x080001b7   Thumb Code     0  startup_stm32f405xx.o(.text)
    WWDG_IRQHandler                          0x080001b7   Thumb Code     0  startup_stm32f405xx.o(.text)
    __aeabi_uldivmod                         0x080001c1   Thumb Code    98  uldiv.o(.text)
    __aeabi_memcpy                           0x08000223   Thumb Code    36  memcpya.o(.text)
    __aeabi_memcpy4                          0x08000223   Thumb Code     0  memcpya.o(.text)
    __aeabi_memcpy8                          0x08000223   Thumb Code     0  memcpya.o(.text)
    __aeabi_memset                           0x08000247   Thumb Code    14  memseta.o(.text)
    __aeabi_memset4                          0x08000247   Thumb Code     0  memseta.o(.text)
    __aeabi_memset8                          0x08000247   Thumb Code     0  memseta.o(.text)
    __aeabi_memclr                           0x08000255   Thumb Code     4  memseta.o(.text)
    __aeabi_memclr4                          0x08000255   Thumb Code     0  memseta.o(.text)
    __aeabi_memclr8                          0x08000255   Thumb Code     0  memseta.o(.text)
    _memset$wrapper                          0x08000259   Thumb Code    18  memseta.o(.text)
    __aeabi_dadd                             0x0800026b   Thumb Code   322  dadd.o(.text)
    __aeabi_dsub                             0x080003ad   Thumb Code     6  dadd.o(.text)
    __aeabi_drsub                            0x080003b3   Thumb Code     6  dadd.o(.text)
    __aeabi_dmul                             0x080003b9   Thumb Code   228  dmul.o(.text)
    __aeabi_f2d                              0x0800049d   Thumb Code    38  f2d.o(.text)
    __aeabi_cdcmpeq                          0x080004c5   Thumb Code     0  cdcmple.o(.text)
    __aeabi_cdcmple                          0x080004c5   Thumb Code    48  cdcmple.o(.text)
    __aeabi_cdrcmple                         0x080004f5   Thumb Code    48  cdrcmple.o(.text)
    __aeabi_d2f                              0x08000525   Thumb Code    56  d2f.o(.text)
    __aeabi_llsl                             0x0800055d   Thumb Code    30  llshl.o(.text)
    _ll_shift_l                              0x0800055d   Thumb Code     0  llshl.o(.text)
    __aeabi_llsr                             0x0800057b   Thumb Code    32  llushr.o(.text)
    _ll_ushift_r                             0x0800057b   Thumb Code     0  llushr.o(.text)
    __aeabi_lasr                             0x0800059b   Thumb Code    36  llsshr.o(.text)
    _ll_sshift_r                             0x0800059b   Thumb Code     0  llsshr.o(.text)
    __I$use$fp                               0x080005bf   Thumb Code     0  iusefp.o(.text)
    _float_round                             0x080005bf   Thumb Code    18  fepilogue.o(.text)
    _float_epilogue                          0x080005d1   Thumb Code    92  fepilogue.o(.text)
    _frem                                    0x0800062d   Thumb Code    82  frem.o(.text)
    _double_round                            0x0800067f   Thumb Code    30  depilogue.o(.text)
    _double_epilogue                         0x0800069d   Thumb Code   156  depilogue.o(.text)
    __scatterload                            0x08000739   Thumb Code    28  init.o(.text)
    __scatterload_rt2                        0x08000739   Thumb Code     0  init.o(.text)
    __decompress                             0x0800075d   Thumb Code     0  __dczerorl2.o(.text)
    __decompress1                            0x0800075d   Thumb Code    86  __dczerorl2.o(.text)
    BusFault_Handler                         0x080009ab   Thumb Code     4  stm32f4xx_it.o(i.BusFault_Handler)
    CAN1_RX0_IRQHandler                      0x080009b1   Thumb Code    10  stm32f4xx_it.o(i.CAN1_RX0_IRQHandler)
    CAN1_RX1_IRQHandler                      0x080009c1   Thumb Code    10  stm32f4xx_it.o(i.CAN1_RX1_IRQHandler)
    DMA2_Stream0_IRQHandler                  0x08000a59   Thumb Code   874  main.o(i.DMA2_Stream0_IRQHandler)
    DMA2_Stream2_IRQHandler                  0x08000e29   Thumb Code    10  stm32f4xx_it.o(i.DMA2_Stream2_IRQHandler)
    DWT_start_timer                          0x08000f45   Thumb Code    30  main.o(i.DWT_start_timer)
    DebugMon_Handler                         0x08000f6d   Thumb Code     2  stm32f4xx_it.o(i.DebugMon_Handler)
    Error_Handler                            0x08000f6f   Thumb Code     2  main.o(i.Error_Handler)
    HAL_ADCEx_MultiModeConfigChannel         0x08000fa5   Thumb Code    92  stm32f4xx_hal_adc_ex.o(i.HAL_ADCEx_MultiModeConfigChannel)
    HAL_ADCEx_MultiModeStart_DMA             0x08001005   Thumb Code   274  stm32f4xx_hal_adc_ex.o(i.HAL_ADCEx_MultiModeStart_DMA)
    HAL_ADC_ConfigChannel                    0x08001131   Thumb Code   380  stm32f4xx_hal_adc.o(i.HAL_ADC_ConfigChannel)
    HAL_ADC_ConvCpltCallback                 0x080012bd   Thumb Code     2  stm32f4xx_hal_adc.o(i.HAL_ADC_ConvCpltCallback)
    HAL_ADC_ConvHalfCpltCallback             0x080012bf   Thumb Code     2  stm32f4xx_hal_adc.o(i.HAL_ADC_ConvHalfCpltCallback)
    HAL_ADC_ErrorCallback                    0x080012c1   Thumb Code     2  stm32f4xx_hal_adc.o(i.HAL_ADC_ErrorCallback)
    HAL_ADC_Init                             0x080012c5   Thumb Code   100  stm32f4xx_hal_adc.o(i.HAL_ADC_Init)
    HAL_ADC_MspInit                          0x0800132d   Thumb Code   370  adc.o(i.HAL_ADC_MspInit)
    HAL_ADC_Start                            0x080014bd   Thumb Code   290  stm32f4xx_hal_adc.o(i.HAL_ADC_Start)
    HAL_CAN_ActivateNotification             0x080015f9   Thumb Code    42  stm32f4xx_hal_can.o(i.HAL_CAN_ActivateNotification)
    HAL_CAN_AddTxMessage                     0x08001623   Thumb Code   342  stm32f4xx_hal_can.o(i.HAL_CAN_AddTxMessage)
    HAL_CAN_ConfigFilter                     0x08001779   Thumb Code   286  stm32f4xx_hal_can.o(i.HAL_CAN_ConfigFilter)
    HAL_CAN_ErrorCallback                    0x0800189d   Thumb Code     2  stm32f4xx_hal_can.o(i.HAL_CAN_ErrorCallback)
    HAL_CAN_GetRxMessage                     0x0800189f   Thumb Code   378  stm32f4xx_hal_can.o(i.HAL_CAN_GetRxMessage)
    HAL_CAN_IRQHandler                       0x08001a19   Thumb Code   590  stm32f4xx_hal_can.o(i.HAL_CAN_IRQHandler)
    HAL_CAN_Init                             0x08001c67   Thumb Code   372  stm32f4xx_hal_can.o(i.HAL_CAN_Init)
    HAL_CAN_MspInit                          0x08001ddd   Thumb Code   184  can.o(i.HAL_CAN_MspInit)
    HAL_CAN_RxFifo0FullCallback              0x08001ea1   Thumb Code     2  stm32f4xx_hal_can.o(i.HAL_CAN_RxFifo0FullCallback)
    HAL_CAN_RxFifo0MsgPendingCallback        0x08001ea5   Thumb Code    68  main.o(i.HAL_CAN_RxFifo0MsgPendingCallback)
    HAL_CAN_RxFifo1FullCallback              0x08001ef5   Thumb Code     2  stm32f4xx_hal_can.o(i.HAL_CAN_RxFifo1FullCallback)
    HAL_CAN_RxFifo1MsgPendingCallback        0x08001ef7   Thumb Code     2  stm32f4xx_hal_can.o(i.HAL_CAN_RxFifo1MsgPendingCallback)
    HAL_CAN_SleepCallback                    0x08001ef9   Thumb Code     2  stm32f4xx_hal_can.o(i.HAL_CAN_SleepCallback)
    HAL_CAN_Start                            0x08001efb   Thumb Code    94  stm32f4xx_hal_can.o(i.HAL_CAN_Start)
    HAL_CAN_TxMailbox0AbortCallback          0x08001f59   Thumb Code     2  stm32f4xx_hal_can.o(i.HAL_CAN_TxMailbox0AbortCallback)
    HAL_CAN_TxMailbox0CompleteCallback       0x08001f5b   Thumb Code     2  stm32f4xx_hal_can.o(i.HAL_CAN_TxMailbox0CompleteCallback)
    HAL_CAN_TxMailbox1AbortCallback          0x08001f5d   Thumb Code     2  stm32f4xx_hal_can.o(i.HAL_CAN_TxMailbox1AbortCallback)
    HAL_CAN_TxMailbox1CompleteCallback       0x08001f5f   Thumb Code     2  stm32f4xx_hal_can.o(i.HAL_CAN_TxMailbox1CompleteCallback)
    HAL_CAN_TxMailbox2AbortCallback          0x08001f61   Thumb Code     2  stm32f4xx_hal_can.o(i.HAL_CAN_TxMailbox2AbortCallback)
    HAL_CAN_TxMailbox2CompleteCallback       0x08001f63   Thumb Code     2  stm32f4xx_hal_can.o(i.HAL_CAN_TxMailbox2CompleteCallback)
    HAL_CAN_WakeUpFromRxMsgCallback          0x08001f65   Thumb Code     2  stm32f4xx_hal_can.o(i.HAL_CAN_WakeUpFromRxMsgCallback)
    HAL_DAC_ConfigChannel                    0x08001f67   Thumb Code    90  stm32f4xx_hal_dac.o(i.HAL_DAC_ConfigChannel)
    HAL_DAC_Init                             0x08001fc1   Thumb Code    40  stm32f4xx_hal_dac.o(i.HAL_DAC_Init)
    HAL_DAC_MspInit                          0x08001fe9   Thumb Code   114  dac.o(i.HAL_DAC_MspInit)
    HAL_DAC_Start                            0x08002069   Thumb Code   140  stm32f4xx_hal_dac.o(i.HAL_DAC_Start)
    HAL_DMA_IRQHandler                       0x080020f5   Thumb Code   570  stm32f4xx_hal_dma.o(i.HAL_DMA_IRQHandler)
    HAL_DMA_Init                             0x08002335   Thumb Code   232  stm32f4xx_hal_dma.o(i.HAL_DMA_Init)
    HAL_DMA_Start_IT                         0x08002421   Thumb Code   146  stm32f4xx_hal_dma.o(i.HAL_DMA_Start_IT)
    HAL_Delay                                0x080024b5   Thumb Code    36  stm32f4xx_hal.o(i.HAL_Delay)
    HAL_GPIO_Init                            0x080024dd   Thumb Code   466  stm32f4xx_hal_gpio.o(i.HAL_GPIO_Init)
    HAL_GPIO_WritePin                        0x080026dd   Thumb Code    12  stm32f4xx_hal_gpio.o(i.HAL_GPIO_WritePin)
    HAL_GetTick                              0x080026e9   Thumb Code     6  stm32f4xx_hal.o(i.HAL_GetTick)
    HAL_IncTick                              0x080026f5   Thumb Code    16  stm32f4xx_hal.o(i.HAL_IncTick)
    HAL_Init                                 0x0800270d   Thumb Code    54  stm32f4xx_hal.o(i.HAL_Init)
    HAL_InitTick                             0x08002749   Thumb Code    64  stm32f4xx_hal.o(i.HAL_InitTick)
    HAL_MspInit                              0x08002795   Thumb Code    68  stm32f4xx_hal_msp.o(i.HAL_MspInit)
    HAL_NVIC_EnableIRQ                       0x080027dd   Thumb Code    32  stm32f4xx_hal_cortex.o(i.HAL_NVIC_EnableIRQ)
    HAL_NVIC_SetPriority                     0x080027fd   Thumb Code   124  stm32f4xx_hal_cortex.o(i.HAL_NVIC_SetPriority)
    HAL_NVIC_SetPriorityGrouping             0x08002879   Thumb Code    32  stm32f4xx_hal_cortex.o(i.HAL_NVIC_SetPriorityGrouping)
    HAL_PCDEx_LPM_Callback                   0x080028a1   Thumb Code     2  stm32f4xx_hal_pcd_ex.o(i.HAL_PCDEx_LPM_Callback)
    HAL_PCDEx_SetRxFiFo                      0x080028a3   Thumb Code    10  stm32f4xx_hal_pcd_ex.o(i.HAL_PCDEx_SetRxFiFo)
    HAL_PCDEx_SetTxFiFo                      0x080028ad   Thumb Code    78  stm32f4xx_hal_pcd_ex.o(i.HAL_PCDEx_SetTxFiFo)
    HAL_PCD_ConnectCallback                  0x080028fb   Thumb Code    14  usbd_conf.o(i.HAL_PCD_ConnectCallback)
    HAL_PCD_DataInStageCallback              0x08002909   Thumb Code    32  usbd_conf.o(i.HAL_PCD_DataInStageCallback)
    HAL_PCD_DataOutStageCallback             0x08002929   Thumb Code    32  usbd_conf.o(i.HAL_PCD_DataOutStageCallback)
    HAL_PCD_DisconnectCallback               0x08002949   Thumb Code    14  usbd_conf.o(i.HAL_PCD_DisconnectCallback)
    HAL_PCD_EP_Close                         0x08002957   Thumb Code   106  stm32f4xx_hal_pcd.o(i.HAL_PCD_EP_Close)
    HAL_PCD_EP_ClrStall                      0x080029c1   Thumb Code   124  stm32f4xx_hal_pcd.o(i.HAL_PCD_EP_ClrStall)
    HAL_PCD_EP_GetRxCount                    0x08002a3d   Thumb Code    22  stm32f4xx_hal_pcd.o(i.HAL_PCD_EP_GetRxCount)
    HAL_PCD_EP_Open                          0x08002a53   Thumb Code   140  stm32f4xx_hal_pcd.o(i.HAL_PCD_EP_Open)
    HAL_PCD_EP_Receive                       0x08002adf   Thumb Code    88  stm32f4xx_hal_pcd.o(i.HAL_PCD_EP_Receive)
    HAL_PCD_EP_SetStall                      0x08002b37   Thumb Code   138  stm32f4xx_hal_pcd.o(i.HAL_PCD_EP_SetStall)
    HAL_PCD_EP_Transmit                      0x08002bc1   Thumb Code    90  stm32f4xx_hal_pcd.o(i.HAL_PCD_EP_Transmit)
    HAL_PCD_IRQHandler                       0x08002c1b   Thumb Code  1342  stm32f4xx_hal_pcd.o(i.HAL_PCD_IRQHandler)
    HAL_PCD_ISOINIncompleteCallback          0x08003159   Thumb Code    18  usbd_conf.o(i.HAL_PCD_ISOINIncompleteCallback)
    HAL_PCD_ISOOUTIncompleteCallback         0x0800316b   Thumb Code    18  usbd_conf.o(i.HAL_PCD_ISOOUTIncompleteCallback)
    HAL_PCD_Init                             0x0800317d   Thumb Code   358  stm32f4xx_hal_pcd.o(i.HAL_PCD_Init)
    HAL_PCD_MspInit                          0x080032e5   Thumb Code   152  usbd_conf.o(i.HAL_PCD_MspInit)
    HAL_PCD_ResetCallback                    0x08003385   Thumb Code    48  usbd_conf.o(i.HAL_PCD_ResetCallback)
    HAL_PCD_ResumeCallback                   0x080033b5   Thumb Code    14  usbd_conf.o(i.HAL_PCD_ResumeCallback)
    HAL_PCD_SOFCallback                      0x080033c3   Thumb Code    14  usbd_conf.o(i.HAL_PCD_SOFCallback)
    HAL_PCD_SetAddress                       0x080033d1   Thumb Code    54  stm32f4xx_hal_pcd.o(i.HAL_PCD_SetAddress)
    HAL_PCD_SetupStageCallback               0x08003407   Thumb Code    18  usbd_conf.o(i.HAL_PCD_SetupStageCallback)
    HAL_PCD_Start                            0x08003419   Thumb Code    74  stm32f4xx_hal_pcd.o(i.HAL_PCD_Start)
    HAL_PCD_SuspendCallback                  0x08003465   Thumb Code    46  usbd_conf.o(i.HAL_PCD_SuspendCallback)
    HAL_RCC_ClockConfig                      0x08003499   Thumb Code   368  stm32f4xx_hal_rcc.o(i.HAL_RCC_ClockConfig)
    HAL_RCC_GetHCLKFreq                      0x0800361d   Thumb Code     6  stm32f4xx_hal_rcc.o(i.HAL_RCC_GetHCLKFreq)
    HAL_RCC_GetSysClockFreq                  0x08003629   Thumb Code   162  stm32f4xx_hal_rcc.o(i.HAL_RCC_GetSysClockFreq)
    HAL_RCC_OscConfig                        0x080036d9   Thumb Code  1152  stm32f4xx_hal_rcc.o(i.HAL_RCC_OscConfig)
    HAL_SPI_Init                             0x08003b61   Thumb Code   140  stm32f4xx_hal_spi.o(i.HAL_SPI_Init)
    HAL_SPI_MspInit                          0x08003bed   Thumb Code   218  spi.o(i.HAL_SPI_MspInit)
    HAL_SPI_Receive                          0x08003cdd   Thumb Code   356  stm32f4xx_hal_spi.o(i.HAL_SPI_Receive)
    HAL_SPI_TransmitReceive                  0x08003e41   Thumb Code   554  stm32f4xx_hal_spi.o(i.HAL_SPI_TransmitReceive)
    HAL_SYSTICK_Config                       0x0800406b   Thumb Code    52  stm32f4xx_hal_cortex.o(i.HAL_SYSTICK_Config)
    HAL_TIMEx_BreakCallback                  0x0800409f   Thumb Code     2  stm32f4xx_hal_tim_ex.o(i.HAL_TIMEx_BreakCallback)
    HAL_TIMEx_CommutCallback                 0x080040a1   Thumb Code     2  stm32f4xx_hal_tim_ex.o(i.HAL_TIMEx_CommutCallback)
    HAL_TIMEx_ConfigBreakDeadTime            0x080040a3   Thumb Code   116  stm32f4xx_hal_tim_ex.o(i.HAL_TIMEx_ConfigBreakDeadTime)
    HAL_TIMEx_MasterConfigSynchronization    0x08004119   Thumb Code   150  stm32f4xx_hal_tim_ex.o(i.HAL_TIMEx_MasterConfigSynchronization)
    HAL_TIM_Base_Init                        0x080041cd   Thumb Code    52  stm32f4xx_hal_tim.o(i.HAL_TIM_Base_Init)
    HAL_TIM_Base_MspInit                     0x08004201   Thumb Code   148  tim.o(i.HAL_TIM_Base_MspInit)
    HAL_TIM_Base_Start_IT                    0x080042a5   Thumb Code    42  stm32f4xx_hal_tim.o(i.HAL_TIM_Base_Start_IT)
    HAL_TIM_ConfigClockSource                0x080042cf   Thumb Code   264  stm32f4xx_hal_tim.o(i.HAL_TIM_ConfigClockSource)
    HAL_TIM_IC_CaptureCallback               0x080043d7   Thumb Code     2  stm32f4xx_hal_tim.o(i.HAL_TIM_IC_CaptureCallback)
    HAL_TIM_IRQHandler                       0x080043d9   Thumb Code   406  stm32f4xx_hal_tim.o(i.HAL_TIM_IRQHandler)
    HAL_TIM_MspPostInit                      0x08004571   Thumb Code   144  tim.o(i.HAL_TIM_MspPostInit)
    HAL_TIM_OC_ConfigChannel                 0x08004611   Thumb Code   116  stm32f4xx_hal_tim.o(i.HAL_TIM_OC_ConfigChannel)
    HAL_TIM_OC_DelayElapsedCallback          0x08004685   Thumb Code     2  stm32f4xx_hal_tim.o(i.HAL_TIM_OC_DelayElapsedCallback)
    HAL_TIM_OC_Init                          0x08004687   Thumb Code    52  stm32f4xx_hal_tim.o(i.HAL_TIM_OC_Init)
    HAL_TIM_OC_MspInit                       0x080046bb   Thumb Code     2  stm32f4xx_hal_tim.o(i.HAL_TIM_OC_MspInit)
    HAL_TIM_PWM_ConfigChannel                0x080046bd   Thumb Code   264  stm32f4xx_hal_tim.o(i.HAL_TIM_PWM_ConfigChannel)
    HAL_TIM_PWM_Init                         0x080047c5   Thumb Code    52  stm32f4xx_hal_tim.o(i.HAL_TIM_PWM_Init)
    HAL_TIM_PWM_MspInit                      0x080047f9   Thumb Code     2  stm32f4xx_hal_tim.o(i.HAL_TIM_PWM_MspInit)
    HAL_TIM_PWM_PulseFinishedCallback        0x080047fb   Thumb Code     2  stm32f4xx_hal_tim.o(i.HAL_TIM_PWM_PulseFinishedCallback)
    HAL_TIM_PeriodElapsedCallback            0x080047fd   Thumb Code    40  main.o(i.HAL_TIM_PeriodElapsedCallback)
    HAL_TIM_SlaveConfigSynchro               0x0800483d   Thumb Code   108  stm32f4xx_hal_tim.o(i.HAL_TIM_SlaveConfigSynchro)
    HAL_TIM_TriggerCallback                  0x080048a9   Thumb Code     2  stm32f4xx_hal_tim.o(i.HAL_TIM_TriggerCallback)
    HardFault_Handler                        0x080048ab   Thumb Code     4  stm32f4xx_it.o(i.HardFault_Handler)
    MX_ADC1_Init                             0x080048ed   Thumb Code   190  adc.o(i.MX_ADC1_Init)
    MX_ADC2_Init                             0x080049b5   Thumb Code   140  adc.o(i.MX_ADC2_Init)
    MX_CAN1_Init                             0x08004a49   Thumb Code    62  can.o(i.MX_CAN1_Init)
    MX_DAC_Init                              0x08004a91   Thumb Code    50  dac.o(i.MX_DAC_Init)
    MX_DMA_Init                              0x08004acd   Thumb Code    68  dma.o(i.MX_DMA_Init)
    MX_GPIO_Init                             0x08004b15   Thumb Code   224  gpio.o(i.MX_GPIO_Init)
    MX_SPI1_Init                             0x08004c05   Thumb Code    66  spi.o(i.MX_SPI1_Init)
    MX_TIM1_Init                             0x08004c51   Thumb Code   276  tim.o(i.MX_TIM1_Init)
    MX_TIM3_Init                             0x08004d6d   Thumb Code   146  tim.o(i.MX_TIM3_Init)
    MX_TIM8_Init                             0x08004e09   Thumb Code   236  tim.o(i.MX_TIM8_Init)
    MX_USB_DEVICE_Init                       0x08004efd   Thumb Code    60  usb_device.o(i.MX_USB_DEVICE_Init)
    MemManage_Handler                        0x08004f49   Thumb Code     4  stm32f4xx_it.o(i.MemManage_Handler)
    NMI_Handler                              0x08004f4d   Thumb Code     2  stm32f4xx_it.o(i.NMI_Handler)
    OTG_FS_IRQHandler                        0x08004f51   Thumb Code    10  stm32f4xx_it.o(i.OTG_FS_IRQHandler)
    PendSV_Handler                           0x08005223   Thumb Code     2  stm32f4xx_it.o(i.PendSV_Handler)
    SVC_Handler                              0x080053cd   Thumb Code     2  stm32f4xx_it.o(i.SVC_Handler)
    SysTick_Handler                          0x080053cf   Thumb Code     8  stm32f4xx_it.o(i.SysTick_Handler)
    SystemClock_Config                       0x080053d9   Thumb Code   170  main.o(i.SystemClock_Config)
    SystemInit                               0x0800548d   Thumb Code    24  system_stm32f4xx.o(i.SystemInit)
    TIM3_IRQHandler                          0x080054a9   Thumb Code    10  stm32f4xx_it.o(i.TIM3_IRQHandler)
    TIM_Base_SetConfig                       0x080054b9   Thumb Code   170  stm32f4xx_hal_tim.o(i.TIM_Base_SetConfig)
    TIM_ETR_SetConfig                        0x08005591   Thumb Code    22  stm32f4xx_hal_tim.o(i.TIM_ETR_SetConfig)
    TIM_OC2_SetConfig                        0x08005629   Thumb Code   114  stm32f4xx_hal_tim.o(i.TIM_OC2_SetConfig)
    USBD_CDC_GetDeviceQualifierDescriptor    0x08005999   Thumb Code    10  usbd_cdc.o(i.USBD_CDC_GetDeviceQualifierDescriptor)
    USBD_CDC_ReceivePacket                   0x08005a91   Thumb Code    58  usbd_cdc.o(i.USBD_CDC_ReceivePacket)
    USBD_CDC_RegisterInterface               0x08005acb   Thumb Code    14  usbd_cdc.o(i.USBD_CDC_RegisterInterface)
    USBD_CDC_SetRxBuffer                     0x08005ad9   Thumb Code    14  usbd_cdc.o(i.USBD_CDC_SetRxBuffer)
    USBD_CDC_SetTxBuffer                     0x08005ae7   Thumb Code    20  usbd_cdc.o(i.USBD_CDC_SetTxBuffer)
    USBD_ClrClassConfig                      0x08005bef   Thumb Code    22  usbd_core.o(i.USBD_ClrClassConfig)
    USBD_CtlContinueRx                       0x08005c43   Thumb Code    24  usbd_ioreq.o(i.USBD_CtlContinueRx)
    USBD_CtlContinueSendData                 0x08005c5b   Thumb Code    24  usbd_ioreq.o(i.USBD_CtlContinueSendData)
    USBD_CtlError                            0x08005c73   Thumb Code    24  usbd_ctlreq.o(i.USBD_CtlError)
    USBD_CtlPrepareRx                        0x08005c8b   Thumb Code    40  usbd_ioreq.o(i.USBD_CtlPrepareRx)
    USBD_CtlReceiveStatus                    0x08005cb3   Thumb Code    26  usbd_ioreq.o(i.USBD_CtlReceiveStatus)
    USBD_CtlSendData                         0x08005ccd   Thumb Code    34  usbd_ioreq.o(i.USBD_CtlSendData)
    USBD_CtlSendStatus                       0x08005cef   Thumb Code    26  usbd_ioreq.o(i.USBD_CtlSendStatus)
    USBD_FS_ConfigStrDescriptor              0x08005d09   Thumb Code    34  usbd_desc.o(i.USBD_FS_ConfigStrDescriptor)
    USBD_FS_DeviceDescriptor                 0x08005d3d   Thumb Code    10  usbd_desc.o(i.USBD_FS_DeviceDescriptor)
    USBD_FS_InterfaceStrDescriptor           0x08005d4d   Thumb Code    34  usbd_desc.o(i.USBD_FS_InterfaceStrDescriptor)
    USBD_FS_LangIDStrDescriptor              0x08005d85   Thumb Code    10  usbd_desc.o(i.USBD_FS_LangIDStrDescriptor)
    USBD_FS_ManufacturerStrDescriptor        0x08005d95   Thumb Code    20  usbd_desc.o(i.USBD_FS_ManufacturerStrDescriptor)
    USBD_FS_ProductStrDescriptor             0x08005dc1   Thumb Code    34  usbd_desc.o(i.USBD_FS_ProductStrDescriptor)
    USBD_FS_SerialStrDescriptor              0x08005e01   Thumb Code    18  usbd_desc.o(i.USBD_FS_SerialStrDescriptor)
    USBD_GetString                           0x0800602f   Thumb Code    82  usbd_ctlreq.o(i.USBD_GetString)
    USBD_Get_USB_Status                      0x08006081   Thumb Code    44  usbd_conf.o(i.USBD_Get_USB_Status)
    USBD_Init                                0x080060ad   Thumb Code    50  usbd_core.o(i.USBD_Init)
    USBD_LL_ClearStallEP                     0x080060df   Thumb Code    38  usbd_conf.o(i.USBD_LL_ClearStallEP)
    USBD_LL_CloseEP                          0x08006105   Thumb Code    38  usbd_conf.o(i.USBD_LL_CloseEP)
    USBD_LL_DataInStage                      0x0800612b   Thumb Code   256  usbd_core.o(i.USBD_LL_DataInStage)
    USBD_LL_DataOutStage                     0x0800622b   Thumb Code   166  usbd_core.o(i.USBD_LL_DataOutStage)
    USBD_LL_DevConnected                     0x080062d1   Thumb Code     6  usbd_core.o(i.USBD_LL_DevConnected)
    USBD_LL_DevDisconnected                  0x080062d7   Thumb Code    26  usbd_core.o(i.USBD_LL_DevDisconnected)
    USBD_LL_GetRxDataSize                    0x080062f1   Thumb Code    18  usbd_conf.o(i.USBD_LL_GetRxDataSize)
    USBD_LL_Init                             0x08006305   Thumb Code   100  usbd_conf.o(i.USBD_LL_Init)
    USBD_LL_IsStallEP                        0x0800636d   Thumb Code    56  usbd_conf.o(i.USBD_LL_IsStallEP)
    USBD_LL_IsoINIncomplete                  0x080063a5   Thumb Code     6  usbd_core.o(i.USBD_LL_IsoINIncomplete)
    USBD_LL_IsoOUTIncomplete                 0x080063ab   Thumb Code     6  usbd_core.o(i.USBD_LL_IsoOUTIncomplete)
    USBD_LL_OpenEP                           0x080063b1   Thumb Code    48  usbd_conf.o(i.USBD_LL_OpenEP)
    USBD_LL_PrepareReceive                   0x080063e1   Thumb Code    48  usbd_conf.o(i.USBD_LL_PrepareReceive)
    USBD_LL_Reset                            0x08006411   Thumb Code    92  usbd_core.o(i.USBD_LL_Reset)
    USBD_LL_Resume                           0x0800646d   Thumb Code    14  usbd_core.o(i.USBD_LL_Resume)
    USBD_LL_SOF                              0x0800647b   Thumb Code    34  usbd_core.o(i.USBD_LL_SOF)
    USBD_LL_SetSpeed                         0x0800649d   Thumb Code     8  usbd_core.o(i.USBD_LL_SetSpeed)
    USBD_LL_SetUSBAddress                    0x080064a5   Thumb Code    38  usbd_conf.o(i.USBD_LL_SetUSBAddress)
    USBD_LL_SetupStage                       0x080064cb   Thumb Code   110  usbd_core.o(i.USBD_LL_SetupStage)
    USBD_LL_StallEP                          0x08006539   Thumb Code    38  usbd_conf.o(i.USBD_LL_StallEP)
    USBD_LL_Start                            0x0800655f   Thumb Code    30  usbd_conf.o(i.USBD_LL_Start)
    USBD_LL_Suspend                          0x0800657d   Thumb Code    20  usbd_core.o(i.USBD_LL_Suspend)
    USBD_LL_Transmit                         0x08006591   Thumb Code    48  usbd_conf.o(i.USBD_LL_Transmit)
    USBD_ParseSetupRequest                   0x080065c1   Thumb Code    40  usbd_ctlreq.o(i.USBD_ParseSetupRequest)
    USBD_RegisterClass                       0x080065e9   Thumb Code    16  usbd_core.o(i.USBD_RegisterClass)
    USBD_RunTestMode                         0x080065f9   Thumb Code     6  usbd_core.o(i.USBD_RunTestMode)
    USBD_SetClassConfig                      0x08006659   Thumb Code    34  usbd_core.o(i.USBD_SetClassConfig)
    USBD_Start                               0x0800677d   Thumb Code    14  usbd_core.o(i.USBD_Start)
    USBD_StdDevReq                           0x0800678b   Thumb Code   162  usbd_ctlreq.o(i.USBD_StdDevReq)
    USBD_StdEPReq                            0x0800682d   Thumb Code   568  usbd_ctlreq.o(i.USBD_StdEPReq)
    USBD_StdItfReq                           0x08006a65   Thumb Code   126  usbd_ctlreq.o(i.USBD_StdItfReq)
    USB_ActivateEndpoint                     0x08006ae5   Thumb Code   202  stm32f4xx_ll_usb.o(i.USB_ActivateEndpoint)
    USB_ActivateSetup                        0x08006bb5   Thumb Code    70  stm32f4xx_ll_usb.o(i.USB_ActivateSetup)
    USB_CoreInit                             0x08006bfd   Thumb Code   128  stm32f4xx_ll_usb.o(i.USB_CoreInit)
    USB_DeactivateEndpoint                   0x08006ccd   Thumb Code   182  stm32f4xx_ll_usb.o(i.USB_DeactivateEndpoint)
    USB_DevConnect                           0x08006d91   Thumb Code    32  stm32f4xx_ll_usb.o(i.USB_DevConnect)
    USB_DevDisconnect                        0x08006db1   Thumb Code    32  stm32f4xx_ll_usb.o(i.USB_DevDisconnect)
    USB_DevInit                              0x08006dd1   Thumb Code   482  stm32f4xx_ll_usb.o(i.USB_DevInit)
    USB_DisableGlobalInt                     0x08006fc5   Thumb Code    14  stm32f4xx_ll_usb.o(i.USB_DisableGlobalInt)
    USB_EP0StartXfer                         0x08006fd5   Thumb Code   468  stm32f4xx_ll_usb.o(i.USB_EP0StartXfer)
    USB_EP0_OutStart                         0x080071ad   Thumb Code   106  stm32f4xx_ll_usb.o(i.USB_EP0_OutStart)
    USB_EPClearStall                         0x0800721d   Thumb Code   142  stm32f4xx_ll_usb.o(i.USB_EPClearStall)
    USB_EPSetStall                           0x080072ab   Thumb Code   154  stm32f4xx_ll_usb.o(i.USB_EPSetStall)
    USB_EPStartXfer                          0x08007345   Thumb Code   832  stm32f4xx_ll_usb.o(i.USB_EPStartXfer)
    USB_EnableGlobalInt                      0x08007689   Thumb Code    14  stm32f4xx_ll_usb.o(i.USB_EnableGlobalInt)
    USB_FlushRxFifo                          0x08007699   Thumb Code    38  stm32f4xx_ll_usb.o(i.USB_FlushRxFifo)
    USB_FlushTxFifo                          0x080076c5   Thumb Code    44  stm32f4xx_ll_usb.o(i.USB_FlushTxFifo)
    USB_GetDevSpeed                          0x080076f5   Thumb Code    38  stm32f4xx_ll_usb.o(i.USB_GetDevSpeed)
    USB_GetMode                              0x0800771b   Thumb Code    10  stm32f4xx_ll_usb.o(i.USB_GetMode)
    USB_ReadDevAllInEpInterrupt              0x08007725   Thumb Code    20  stm32f4xx_ll_usb.o(i.USB_ReadDevAllInEpInterrupt)
    USB_ReadDevAllOutEpInterrupt             0x08007739   Thumb Code    20  stm32f4xx_ll_usb.o(i.USB_ReadDevAllOutEpInterrupt)
    USB_ReadDevInEPInterrupt                 0x0800774d   Thumb Code    50  stm32f4xx_ll_usb.o(i.USB_ReadDevInEPInterrupt)
    USB_ReadDevOutEPInterrupt                0x0800777f   Thumb Code    26  stm32f4xx_ll_usb.o(i.USB_ReadDevOutEPInterrupt)
    USB_ReadInterrupts                       0x08007799   Thumb Code    10  stm32f4xx_ll_usb.o(i.USB_ReadInterrupts)
    USB_ReadPacket                           0x080077a3   Thumb Code    34  stm32f4xx_ll_usb.o(i.USB_ReadPacket)
    USB_SetCurrentMode                       0x080077c5   Thumb Code    54  stm32f4xx_ll_usb.o(i.USB_SetCurrentMode)
    USB_SetDevAddress                        0x080077fb   Thumb Code    42  stm32f4xx_ll_usb.o(i.USB_SetDevAddress)
    USB_SetDevSpeed                          0x08007825   Thumb Code    18  stm32f4xx_ll_usb.o(i.USB_SetDevSpeed)
    USB_SetTurnaroundTime                    0x08007839   Thumb Code   192  stm32f4xx_ll_usb.o(i.USB_SetTurnaroundTime)
    USB_WritePacket                          0x08007921   Thumb Code    60  stm32f4xx_ll_usb.o(i.USB_WritePacket)
    UsageFault_Handler                       0x0800795d   Thumb Code     4  stm32f4xx_it.o(i.UsageFault_Handler)
    __hardfp_fmodf                           0x08007999   Thumb Code   176  fmodf.o(i.__hardfp_fmodf)
    __hardfp_sqrtf                           0x08007a49   Thumb Code    58  sqrtf.o(i.__hardfp_sqrtf)
    __mathlib_flt_invalid                    0x08007a85   Thumb Code    10  funder.o(i.__mathlib_flt_invalid)
    __scatterload_copy                       0x08007a95   Thumb Code    14  handlers.o(i.__scatterload_copy)
    __scatterload_null                       0x08007aa3   Thumb Code     2  handlers.o(i.__scatterload_null)
    __scatterload_zeroinit                   0x08007aa5   Thumb Code    14  handlers.o(i.__scatterload_zeroinit)
    __set_errno                              0x08007ab5   Thumb Code     6  errno.o(i.__set_errno)
    clark_transform                          0x080081c1   Thumb Code    44  current_functions.o(i.clark_transform)
    free                                     0x08008211   Thumb Code    76  malloc.o(i.free)
    inv_clark_transform                      0x08008261   Thumb Code    80  current_functions.o(i.inv_clark_transform)
    inv_park_transform                       0x080082b9   Thumb Code   102  current_functions.o(i.inv_park_transform)
    main                                     0x08008321   Thumb Code   542  main.o(i.main)
    malloc                                   0x080085a1   Thumb Code    92  malloc.o(i.malloc)
    motor_calibrate                          0x0800860d   Thumb Code   124  motor_calibration.o(i.motor_calibrate)
    park_transform                           0x08008691   Thumb Code    98  current_functions.o(i.park_transform)
    pi_update                                0x080086f3   Thumb Code   136  pid_controller.o(i.pi_update)
    pll_update                               0x0800877d   Thumb Code   176  pid_controller.o(i.pll_update)
    AHBPrescTable                            0x08008844   Data          16  system_stm32f4xx.o(.constdata)
    APBPrescTable                            0x08008854   Data           8  system_stm32f4xx.o(.constdata)
    Region$$Table$$Base                      0x0800885c   Number         0  anon$$obj.o(Region$$Table)
    Region$$Table$$Limit                     0x0800887c   Number         0  anon$$obj.o(Region$$Table)
    count_tic                                0x20000000   Data           4  main.o(.data)
    delta_time                               0x20000004   Data           4  main.o(.data)
    ind                                      0x20000008   Data           2  main.o(.data)
    encoder_data                             0x2000000c   Data           4  main.o(.data)
    tm                                       0x20000010   Data           4  main.o(.data)
    freq                                     0x20000014   Data           4  main.o(.data)
    signal                                   0x20000018   Data           8  main.o(.data)
    space_voltage_vector                     0x20000020   Data           8  main.o(.data)
    space_current_vector                     0x20000028   Data           8  main.o(.data)
    rotor_current_vector                     0x20000030   Data           8  main.o(.data)
    can_Tx_arr                               0x20000038   Data           8  main.o(.data)
    can_Rx_arr                               0x20000040   Data           8  main.o(.data)
    enc_buf                                  0x20000048   Data           4  main.o(.data)
    byte                                     0x2000004c   Data           1  main.o(.data)
    a                                        0x2000004d   Data           1  main.o(.data)
    TxMailbox                                0x20000050   Data           4  main.o(.data)
    r                                        0x20000054   Data           1  main.o(.data)
    FS_Desc                                  0x20000058   Data          28  usbd_desc.o(.data)
    USBD_FS_DeviceDesc                       0x20000074   Data          18  usbd_desc.o(.data)
    USBD_LangIDDesc                          0x20000088   Data           4  usbd_desc.o(.data)
    USBD_StringSerial                        0x2000008c   Data          26  usbd_desc.o(.data)
    USBD_Interface_fops_FS                   0x200000a8   Data          16  usbd_cdc_if.o(.data)
    uwTick                                   0x200000b8   Data           4  stm32f4xx_hal.o(.data)
    uwTickPrio                               0x200000bc   Data           4  stm32f4xx_hal.o(.data)
    uwTickFreq                               0x200000c0   Data           1  stm32f4xx_hal.o(.data)
    SystemCoreClock                          0x200000c4   Data           4  system_stm32f4xx.o(.data)
    USBD_CDC                                 0x200000d8   Data          56  usbd_cdc.o(.data)
    USBD_CDC_CfgHSDesc                       0x20000110   Data          67  usbd_cdc.o(.data)
    USBD_CDC_CfgFSDesc                       0x20000154   Data          67  usbd_cdc.o(.data)
    USBD_CDC_OtherSpeedCfgDesc               0x20000198   Data          67  usbd_cdc.o(.data)
    __microlib_freelist                      0x200001dc   Data           4  mvars.o(.data)
    __microlib_freelist_initialised          0x200001e0   Data           4  mvars.o(.data)
    phase_voltage                            0x200001e8   Data          12  main.o(.bss)
    motor                                    0x200001f4   Data          64  main.o(.bss)
    current_controller_d                     0x20000234   Data          32  main.o(.bss)
    current_controller_q                     0x20000254   Data          32  main.o(.bss)
    velocity_controller                      0x20000274   Data          32  main.o(.bss)
    position_controller                      0x20000294   Data          32  main.o(.bss)
    velocity_pll                             0x200002b4   Data          44  main.o(.bss)
    adc_res                                  0x200002e0   Data          24  main.o(.bss)
    usb_Tx_arr                               0x200002f8   Data          11  main.o(.bss)
    pHeader                                  0x20000304   Data          24  main.o(.bss)
    sFilterConfig                            0x2000031c   Data          40  main.o(.bss)
    hadc1                                    0x20000344   Data          72  adc.o(.bss)
    hadc2                                    0x2000038c   Data          72  adc.o(.bss)
    hdma_adc1                                0x200003d4   Data          96  adc.o(.bss)
    hcan1                                    0x20000434   Data          40  can.o(.bss)
    hdac                                     0x2000045c   Data          20  dac.o(.bss)
    hspi1                                    0x20000470   Data          88  spi.o(.bss)
    hdma_spi1_rx                             0x200004c8   Data          96  spi.o(.bss)
    htim1                                    0x20000528   Data          64  tim.o(.bss)
    htim3                                    0x20000568   Data          64  tim.o(.bss)
    htim8                                    0x200005a8   Data          64  tim.o(.bss)
    hUsbDeviceFS                             0x200005e8   Data         668  usb_device.o(.bss)
    hpcd_USB_OTG_FS                          0x20000884   Data        1032  usbd_conf.o(.bss)
    USBD_StrDesc                             0x20000c8c   Data         512  usbd_desc.o(.bss)
    UserRxBufferFS                           0x20000e8c   Data          64  usbd_cdc_if.o(.bss)
    UserTxBufferFS                           0x20000ecc   Data          64  usbd_cdc_if.o(.bss)
    cur_data_arr                             0x20000f0c   Data        8192  motor_calibration.o(.bss)
    __heap_base                              0x20002f10   Data           0  startup_stm32f405xx.o(HEAP)
    __heap_limit                             0x20003110   Data           0  startup_stm32f405xx.o(HEAP)
    __initial_sp                             0x20003510   Data           0  startup_stm32f405xx.o(STACK)



==============================================================================

Memory Map of the image

  Image Entry point : 0x08000189

  Load Region LR_IROM1 (Base: 0x08000000, Size: 0x00008a64, Max: 0x00100000, ABSOLUTE, COMPRESSED[0x00008948])

    Execution Region ER_IROM1 (Exec base: 0x08000000, Load base: 0x08000000, Size: 0x0000887c, Max: 0x00100000, ABSOLUTE)

    Exec Addr    Load Addr    Size         Type   Attr      Idx    E Section Name        Object

    0x08000000   0x08000000   0x00000188   Data   RO            3    RESET               startup_stm32f405xx.o
    0x08000188   0x08000188   0x00000000   Code   RO         5415  * .ARM.Collect$$$$00000000  mc_w.l(entry.o)
    0x08000188   0x08000188   0x00000004   Code   RO         5480    .ARM.Collect$$$$00000001  mc_w.l(entry2.o)
    0x0800018c   0x0800018c   0x00000004   Code   RO         5483    .ARM.Collect$$$$00000004  mc_w.l(entry5.o)
    0x08000190   0x08000190   0x00000000   Code   RO         5485    .ARM.Collect$$$$00000008  mc_w.l(entry7b.o)
    0x08000190   0x08000190   0x00000000   Code   RO         5487    .ARM.Collect$$$$0000000A  mc_w.l(entry8b.o)
    0x08000190   0x08000190   0x00000008   Code   RO         5488    .ARM.Collect$$$$0000000B  mc_w.l(entry9a.o)
    0x08000198   0x08000198   0x00000000   Code   RO         5490    .ARM.Collect$$$$0000000D  mc_w.l(entry10a.o)
    0x08000198   0x08000198   0x00000000   Code   RO         5492    .ARM.Collect$$$$0000000F  mc_w.l(entry11a.o)
    0x08000198   0x08000198   0x00000004   Code   RO         5481    .ARM.Collect$$$$00002712  mc_w.l(entry2.o)
    0x0800019c   0x0800019c   0x00000024   Code   RO            4    .text               startup_stm32f405xx.o
    0x080001c0   0x080001c0   0x00000062   Code   RO         5418    .text               mc_w.l(uldiv.o)
    0x08000222   0x08000222   0x00000024   Code   RO         5420    .text               mc_w.l(memcpya.o)
    0x08000246   0x08000246   0x00000024   Code   RO         5422    .text               mc_w.l(memseta.o)
    0x0800026a   0x0800026a   0x0000014e   Code   RO         5454    .text               mf_w.l(dadd.o)
    0x080003b8   0x080003b8   0x000000e4   Code   RO         5456    .text               mf_w.l(dmul.o)
    0x0800049c   0x0800049c   0x00000026   Code   RO         5458    .text               mf_w.l(f2d.o)
    0x080004c2   0x080004c2   0x00000002   PAD
    0x080004c4   0x080004c4   0x00000030   Code   RO         5460    .text               mf_w.l(cdcmple.o)
    0x080004f4   0x080004f4   0x00000030   Code   RO         5462    .text               mf_w.l(cdrcmple.o)
    0x08000524   0x08000524   0x00000038   Code   RO         5464    .text               mf_w.l(d2f.o)
    0x0800055c   0x0800055c   0x0000001e   Code   RO         5494    .text               mc_w.l(llshl.o)
    0x0800057a   0x0800057a   0x00000020   Code   RO         5496    .text               mc_w.l(llushr.o)
    0x0800059a   0x0800059a   0x00000024   Code   RO         5498    .text               mc_w.l(llsshr.o)
    0x080005be   0x080005be   0x00000000   Code   RO         5509    .text               mc_w.l(iusefp.o)
    0x080005be   0x080005be   0x0000006e   Code   RO         5510    .text               mf_w.l(fepilogue.o)
    0x0800062c   0x0800062c   0x00000052   Code   RO         5512    .text               mf_w.l(frem.o)
    0x0800067e   0x0800067e   0x000000ba   Code   RO         5514    .text               mf_w.l(depilogue.o)
    0x08000738   0x08000738   0x00000024   Code   RO         5516    .text               mc_w.l(init.o)
    0x0800075c   0x0800075c   0x00000056   Code   RO         5526    .text               mc_w.l(__dczerorl2.o)
    0x080007b2   0x080007b2   0x00000002   PAD
    0x080007b4   0x080007b4   0x00000160   Code   RO         1785    i.ADC_Init          stm32f4xx_hal_adc.o
    0x08000914   0x08000914   0x0000006e   Code   RO         1952    i.ADC_MultiModeDMAConvCplt  stm32f4xx_hal_adc_ex.o
    0x08000982   0x08000982   0x0000001a   Code   RO         1953    i.ADC_MultiModeDMAError  stm32f4xx_hal_adc_ex.o
    0x0800099c   0x0800099c   0x0000000e   Code   RO         1954    i.ADC_MultiModeDMAHalfConvCplt  stm32f4xx_hal_adc_ex.o
    0x080009aa   0x080009aa   0x00000004   Code   RO         1048    i.BusFault_Handler  stm32f4xx_it.o
    0x080009ae   0x080009ae   0x00000002   PAD
    0x080009b0   0x080009b0   0x00000010   Code   RO         1049    i.CAN1_RX0_IRQHandler  stm32f4xx_it.o
    0x080009c0   0x080009c0   0x00000010   Code   RO         1050    i.CAN1_RX1_IRQHandler  stm32f4xx_it.o
    0x080009d0   0x080009d0   0x00000044   Code   RO          996    i.CDC_Control_FS    usbd_cdc_if.o
    0x08000a14   0x08000a14   0x00000004   Code   RO          997    i.CDC_DeInit_FS     usbd_cdc_if.o
    0x08000a18   0x08000a18   0x00000024   Code   RO          998    i.CDC_Init_FS       usbd_cdc_if.o
    0x08000a3c   0x08000a3c   0x0000001c   Code   RO          999    i.CDC_Receive_FS    usbd_cdc_if.o
    0x08000a58   0x08000a58   0x000003d0   Code   RO          117    i.DMA2_Stream0_IRQHandler  main.o
    0x08000e28   0x08000e28   0x00000010   Code   RO         1051    i.DMA2_Stream2_IRQHandler  stm32f4xx_it.o
    0x08000e38   0x08000e38   0x00000034   Code   RO         4281    i.DMA_CalcBaseAndBitshift  stm32f4xx_hal_dma.o
    0x08000e6c   0x08000e6c   0x000000aa   Code   RO         4282    i.DMA_CheckFifoParam  stm32f4xx_hal_dma.o
    0x08000f16   0x08000f16   0x0000002c   Code   RO         4283    i.DMA_SetConfig     stm32f4xx_hal_dma.o
    0x08000f42   0x08000f42   0x00000002   PAD
    0x08000f44   0x08000f44   0x00000028   Code   RO          118    i.DWT_start_timer   main.o
    0x08000f6c   0x08000f6c   0x00000002   Code   RO         1052    i.DebugMon_Handler  stm32f4xx_it.o
    0x08000f6e   0x08000f6e   0x00000002   Code   RO          120    i.Error_Handler     main.o
    0x08000f70   0x08000f70   0x00000034   Code   RO          906    i.Get_SerialNum     usbd_desc.o
    0x08000fa4   0x08000fa4   0x00000060   Code   RO         1963    i.HAL_ADCEx_MultiModeConfigChannel  stm32f4xx_hal_adc_ex.o
    0x08001004   0x08001004   0x0000012c   Code   RO         1965    i.HAL_ADCEx_MultiModeStart_DMA  stm32f4xx_hal_adc_ex.o
    0x08001130   0x08001130   0x0000018c   Code   RO         1787    i.HAL_ADC_ConfigChannel  stm32f4xx_hal_adc.o
    0x080012bc   0x080012bc   0x00000002   Code   RO         1788    i.HAL_ADC_ConvCpltCallback  stm32f4xx_hal_adc.o
    0x080012be   0x080012be   0x00000002   Code   RO         1789    i.HAL_ADC_ConvHalfCpltCallback  stm32f4xx_hal_adc.o
    0x080012c0   0x080012c0   0x00000002   Code   RO         1791    i.HAL_ADC_ErrorCallback  stm32f4xx_hal_adc.o
    0x080012c2   0x080012c2   0x00000002   PAD
    0x080012c4   0x080012c4   0x00000068   Code   RO         1796    i.HAL_ADC_Init      stm32f4xx_hal_adc.o
    0x0800132c   0x0800132c   0x00000190   Code   RO          423    i.HAL_ADC_MspInit   adc.o
    0x080014bc   0x080014bc   0x0000013c   Code   RO         1802    i.HAL_ADC_Start     stm32f4xx_hal_adc.o
    0x080015f8   0x080015f8   0x0000002a   Code   RO         2058    i.HAL_CAN_ActivateNotification  stm32f4xx_hal_can.o
    0x08001622   0x08001622   0x00000156   Code   RO         2059    i.HAL_CAN_AddTxMessage  stm32f4xx_hal_can.o
    0x08001778   0x08001778   0x00000124   Code   RO         2060    i.HAL_CAN_ConfigFilter  stm32f4xx_hal_can.o
    0x0800189c   0x0800189c   0x00000002   Code   RO         2063    i.HAL_CAN_ErrorCallback  stm32f4xx_hal_can.o
    0x0800189e   0x0800189e   0x0000017a   Code   RO         2066    i.HAL_CAN_GetRxMessage  stm32f4xx_hal_can.o
    0x08001a18   0x08001a18   0x0000024e   Code   RO         2070    i.HAL_CAN_IRQHandler  stm32f4xx_hal_can.o
    0x08001c66   0x08001c66   0x00000174   Code   RO         2071    i.HAL_CAN_Init      stm32f4xx_hal_can.o
    0x08001dda   0x08001dda   0x00000002   PAD
    0x08001ddc   0x08001ddc   0x000000c4   Code   RO          471    i.HAL_CAN_MspInit   can.o
    0x08001ea0   0x08001ea0   0x00000002   Code   RO         2078    i.HAL_CAN_RxFifo0FullCallback  stm32f4xx_hal_can.o
    0x08001ea2   0x08001ea2   0x00000002   PAD
    0x08001ea4   0x08001ea4   0x00000050   Code   RO          121    i.HAL_CAN_RxFifo0MsgPendingCallback  main.o
    0x08001ef4   0x08001ef4   0x00000002   Code   RO         2080    i.HAL_CAN_RxFifo1FullCallback  stm32f4xx_hal_can.o
    0x08001ef6   0x08001ef6   0x00000002   Code   RO         2081    i.HAL_CAN_RxFifo1MsgPendingCallback  stm32f4xx_hal_can.o
    0x08001ef8   0x08001ef8   0x00000002   Code   RO         2082    i.HAL_CAN_SleepCallback  stm32f4xx_hal_can.o
    0x08001efa   0x08001efa   0x0000005e   Code   RO         2083    i.HAL_CAN_Start     stm32f4xx_hal_can.o
    0x08001f58   0x08001f58   0x00000002   Code   RO         2085    i.HAL_CAN_TxMailbox0AbortCallback  stm32f4xx_hal_can.o
    0x08001f5a   0x08001f5a   0x00000002   Code   RO         2086    i.HAL_CAN_TxMailbox0CompleteCallback  stm32f4xx_hal_can.o
    0x08001f5c   0x08001f5c   0x00000002   Code   RO         2087    i.HAL_CAN_TxMailbox1AbortCallback  stm32f4xx_hal_can.o
    0x08001f5e   0x08001f5e   0x00000002   Code   RO         2088    i.HAL_CAN_TxMailbox1CompleteCallback  stm32f4xx_hal_can.o
    0x08001f60   0x08001f60   0x00000002   Code   RO         2089    i.HAL_CAN_TxMailbox2AbortCallback  stm32f4xx_hal_can.o
    0x08001f62   0x08001f62   0x00000002   Code   RO         2090    i.HAL_CAN_TxMailbox2CompleteCallback  stm32f4xx_hal_can.o
    0x08001f64   0x08001f64   0x00000002   Code   RO         2092    i.HAL_CAN_WakeUpFromRxMsgCallback  stm32f4xx_hal_can.o
    0x08001f66   0x08001f66   0x0000005a   Code   RO         2294    i.HAL_DAC_ConfigChannel  stm32f4xx_hal_dac.o
    0x08001fc0   0x08001fc0   0x00000028   Code   RO         2304    i.HAL_DAC_Init      stm32f4xx_hal_dac.o
    0x08001fe8   0x08001fe8   0x00000080   Code   RO          513    i.HAL_DAC_MspInit   dac.o
    0x08002068   0x08002068   0x0000008c   Code   RO         2308    i.HAL_DAC_Start     stm32f4xx_hal_dac.o
    0x080020f4   0x080020f4   0x00000240   Code   RO         4289    i.HAL_DMA_IRQHandler  stm32f4xx_hal_dma.o
    0x08002334   0x08002334   0x000000ec   Code   RO         4290    i.HAL_DMA_Init      stm32f4xx_hal_dma.o
    0x08002420   0x08002420   0x00000092   Code   RO         4294    i.HAL_DMA_Start_IT  stm32f4xx_hal_dma.o
    0x080024b2   0x080024b2   0x00000002   PAD
    0x080024b4   0x080024b4   0x00000028   Code   RO         4708    i.HAL_Delay         stm32f4xx_hal.o
    0x080024dc   0x080024dc   0x00000200   Code   RO         4177    i.HAL_GPIO_Init     stm32f4xx_hal_gpio.o
    0x080026dc   0x080026dc   0x0000000c   Code   RO         4181    i.HAL_GPIO_WritePin  stm32f4xx_hal_gpio.o
    0x080026e8   0x080026e8   0x0000000c   Code   RO         4714    i.HAL_GetTick       stm32f4xx_hal.o
    0x080026f4   0x080026f4   0x00000018   Code   RO         4720    i.HAL_IncTick       stm32f4xx_hal.o
    0x0800270c   0x0800270c   0x0000003c   Code   RO         4721    i.HAL_Init          stm32f4xx_hal.o
    0x08002748   0x08002748   0x0000004c   Code   RO         4722    i.HAL_InitTick      stm32f4xx_hal.o
    0x08002794   0x08002794   0x00000048   Code   RO         1154    i.HAL_MspInit       stm32f4xx_hal_msp.o
    0x080027dc   0x080027dc   0x00000020   Code   RO         4566    i.HAL_NVIC_EnableIRQ  stm32f4xx_hal_cortex.o
    0x080027fc   0x080027fc   0x0000007c   Code   RO         4572    i.HAL_NVIC_SetPriority  stm32f4xx_hal_cortex.o
    0x08002878   0x08002878   0x00000028   Code   RO         4573    i.HAL_NVIC_SetPriorityGrouping  stm32f4xx_hal_cortex.o
    0x080028a0   0x080028a0   0x00000002   Code   RO         1435    i.HAL_PCDEx_LPM_Callback  stm32f4xx_hal_pcd_ex.o
    0x080028a2   0x080028a2   0x0000000a   Code   RO         1436    i.HAL_PCDEx_SetRxFiFo  stm32f4xx_hal_pcd_ex.o
    0x080028ac   0x080028ac   0x0000004e   Code   RO         1437    i.HAL_PCDEx_SetTxFiFo  stm32f4xx_hal_pcd_ex.o
    0x080028fa   0x080028fa   0x0000000e   Code   RO          711    i.HAL_PCD_ConnectCallback  usbd_conf.o
    0x08002908   0x08002908   0x00000020   Code   RO          712    i.HAL_PCD_DataInStageCallback  usbd_conf.o
    0x08002928   0x08002928   0x00000020   Code   RO          713    i.HAL_PCD_DataOutStageCallback  usbd_conf.o
    0x08002948   0x08002948   0x0000000e   Code   RO          714    i.HAL_PCD_DisconnectCallback  usbd_conf.o
    0x08002956   0x08002956   0x0000006a   Code   RO         1218    i.HAL_PCD_EP_Close  stm32f4xx_hal_pcd.o
    0x080029c0   0x080029c0   0x0000007c   Code   RO         1219    i.HAL_PCD_EP_ClrStall  stm32f4xx_hal_pcd.o
    0x08002a3c   0x08002a3c   0x00000016   Code   RO         1221    i.HAL_PCD_EP_GetRxCount  stm32f4xx_hal_pcd.o
    0x08002a52   0x08002a52   0x0000008c   Code   RO         1222    i.HAL_PCD_EP_Open   stm32f4xx_hal_pcd.o
    0x08002ade   0x08002ade   0x00000058   Code   RO         1223    i.HAL_PCD_EP_Receive  stm32f4xx_hal_pcd.o
    0x08002b36   0x08002b36   0x0000008a   Code   RO         1224    i.HAL_PCD_EP_SetStall  stm32f4xx_hal_pcd.o
    0x08002bc0   0x08002bc0   0x0000005a   Code   RO         1225    i.HAL_PCD_EP_Transmit  stm32f4xx_hal_pcd.o
    0x08002c1a   0x08002c1a   0x0000053e   Code   RO         1227    i.HAL_PCD_IRQHandler  stm32f4xx_hal_pcd.o
    0x08003158   0x08003158   0x00000012   Code   RO          715    i.HAL_PCD_ISOINIncompleteCallback  usbd_conf.o
    0x0800316a   0x0800316a   0x00000012   Code   RO          716    i.HAL_PCD_ISOOUTIncompleteCallback  usbd_conf.o
    0x0800317c   0x0800317c   0x00000166   Code   RO         1230    i.HAL_PCD_Init      stm32f4xx_hal_pcd.o
    0x080032e2   0x080032e2   0x00000002   PAD
    0x080032e4   0x080032e4   0x000000a0   Code   RO          718    i.HAL_PCD_MspInit   usbd_conf.o
    0x08003384   0x08003384   0x00000030   Code   RO          719    i.HAL_PCD_ResetCallback  usbd_conf.o
    0x080033b4   0x080033b4   0x0000000e   Code   RO          720    i.HAL_PCD_ResumeCallback  usbd_conf.o
    0x080033c2   0x080033c2   0x0000000e   Code   RO          721    i.HAL_PCD_SOFCallback  usbd_conf.o
    0x080033d0   0x080033d0   0x00000036   Code   RO         1236    i.HAL_PCD_SetAddress  stm32f4xx_hal_pcd.o
    0x08003406   0x08003406   0x00000012   Code   RO          722    i.HAL_PCD_SetupStageCallback  usbd_conf.o
    0x08003418   0x08003418   0x0000004a   Code   RO         1238    i.HAL_PCD_Start     stm32f4xx_hal_pcd.o
    0x08003462   0x08003462   0x00000002   PAD
    0x08003464   0x08003464   0x00000034   Code   RO          723    i.HAL_PCD_SuspendCallback  usbd_conf.o
    0x08003498   0x08003498   0x00000184   Code   RO         3778    i.HAL_RCC_ClockConfig  stm32f4xx_hal_rcc.o
    0x0800361c   0x0800361c   0x0000000c   Code   RO         3783    i.HAL_RCC_GetHCLKFreq  stm32f4xx_hal_rcc.o
    0x08003628   0x08003628   0x000000b0   Code   RO         3787    i.HAL_RCC_GetSysClockFreq  stm32f4xx_hal_rcc.o
    0x080036d8   0x080036d8   0x00000488   Code   RO         3790    i.HAL_RCC_OscConfig  stm32f4xx_hal_rcc.o
    0x08003b60   0x08003b60   0x0000008c   Code   RO         2527    i.HAL_SPI_Init      stm32f4xx_hal_spi.o
    0x08003bec   0x08003bec   0x000000f0   Code   RO          579    i.HAL_SPI_MspInit   spi.o
    0x08003cdc   0x08003cdc   0x00000164   Code   RO         2530    i.HAL_SPI_Receive   stm32f4xx_hal_spi.o
    0x08003e40   0x08003e40   0x0000022a   Code   RO         2536    i.HAL_SPI_TransmitReceive  stm32f4xx_hal_spi.o
    0x0800406a   0x0800406a   0x00000034   Code   RO         4577    i.HAL_SYSTICK_Config  stm32f4xx_hal_cortex.o
    0x0800409e   0x0800409e   0x00000002   Code   RO         3526    i.HAL_TIMEx_BreakCallback  stm32f4xx_hal_tim_ex.o
    0x080040a0   0x080040a0   0x00000002   Code   RO         3527    i.HAL_TIMEx_CommutCallback  stm32f4xx_hal_tim_ex.o
    0x080040a2   0x080040a2   0x00000074   Code   RO         3529    i.HAL_TIMEx_ConfigBreakDeadTime  stm32f4xx_hal_tim_ex.o
    0x08004116   0x08004116   0x00000002   PAD
    0x08004118   0x08004118   0x000000b4   Code   RO         3544    i.HAL_TIMEx_MasterConfigSynchronization  stm32f4xx_hal_tim_ex.o
    0x080041cc   0x080041cc   0x00000034   Code   RO         2840    i.HAL_TIM_Base_Init  stm32f4xx_hal_tim.o
    0x08004200   0x08004200   0x000000a4   Code   RO          621    i.HAL_TIM_Base_MspInit  tim.o
    0x080042a4   0x080042a4   0x0000002a   Code   RO         2845    i.HAL_TIM_Base_Start_IT  stm32f4xx_hal_tim.o
    0x080042ce   0x080042ce   0x00000108   Code   RO         2849    i.HAL_TIM_ConfigClockSource  stm32f4xx_hal_tim.o
    0x080043d6   0x080043d6   0x00000002   Code   RO         2869    i.HAL_TIM_IC_CaptureCallback  stm32f4xx_hal_tim.o
    0x080043d8   0x080043d8   0x00000196   Code   RO         2883    i.HAL_TIM_IRQHandler  stm32f4xx_hal_tim.o
    0x0800456e   0x0800456e   0x00000002   PAD
    0x08004570   0x08004570   0x000000a0   Code   RO          622    i.HAL_TIM_MspPostInit  tim.o
    0x08004610   0x08004610   0x00000074   Code   RO         2884    i.HAL_TIM_OC_ConfigChannel  stm32f4xx_hal_tim.o
    0x08004684   0x08004684   0x00000002   Code   RO         2886    i.HAL_TIM_OC_DelayElapsedCallback  stm32f4xx_hal_tim.o
    0x08004686   0x08004686   0x00000034   Code   RO         2888    i.HAL_TIM_OC_Init   stm32f4xx_hal_tim.o
    0x080046ba   0x080046ba   0x00000002   Code   RO         2890    i.HAL_TIM_OC_MspInit  stm32f4xx_hal_tim.o
    0x080046bc   0x080046bc   0x00000108   Code   RO         2907    i.HAL_TIM_PWM_ConfigChannel  stm32f4xx_hal_tim.o
    0x080047c4   0x080047c4   0x00000034   Code   RO         2910    i.HAL_TIM_PWM_Init  stm32f4xx_hal_tim.o
    0x080047f8   0x080047f8   0x00000002   Code   RO         2912    i.HAL_TIM_PWM_MspInit  stm32f4xx_hal_tim.o
    0x080047fa   0x080047fa   0x00000002   Code   RO         2913    i.HAL_TIM_PWM_PulseFinishedCallback  stm32f4xx_hal_tim.o
    0x080047fc   0x080047fc   0x00000040   Code   RO          122    i.HAL_TIM_PeriodElapsedCallback  main.o
    0x0800483c   0x0800483c   0x0000006c   Code   RO         2924    i.HAL_TIM_SlaveConfigSynchro  stm32f4xx_hal_tim.o
    0x080048a8   0x080048a8   0x00000002   Code   RO         2926    i.HAL_TIM_TriggerCallback  stm32f4xx_hal_tim.o
    0x080048aa   0x080048aa   0x00000004   Code   RO         1053    i.HardFault_Handler  stm32f4xx_it.o
    0x080048ae   0x080048ae   0x0000003e   Code   RO          907    i.IntToUnicode      usbd_desc.o
    0x080048ec   0x080048ec   0x000000c8   Code   RO          424    i.MX_ADC1_Init      adc.o
    0x080049b4   0x080049b4   0x00000094   Code   RO          425    i.MX_ADC2_Init      adc.o
    0x08004a48   0x08004a48   0x00000048   Code   RO          472    i.MX_CAN1_Init      can.o
    0x08004a90   0x08004a90   0x0000003c   Code   RO          514    i.MX_DAC_Init       dac.o
    0x08004acc   0x08004acc   0x00000048   Code   RO          554    i.MX_DMA_Init       dma.o
    0x08004b14   0x08004b14   0x000000f0   Code   RO          398    i.MX_GPIO_Init      gpio.o
    0x08004c04   0x08004c04   0x0000004c   Code   RO          580    i.MX_SPI1_Init      spi.o
    0x08004c50   0x08004c50   0x0000011c   Code   RO          623    i.MX_TIM1_Init      tim.o
    0x08004d6c   0x08004d6c   0x0000009c   Code   RO          624    i.MX_TIM3_Init      tim.o
    0x08004e08   0x08004e08   0x000000f4   Code   RO          625    i.MX_TIM8_Init      tim.o
    0x08004efc   0x08004efc   0x0000004c   Code   RO          680    i.MX_USB_DEVICE_Init  usb_device.o
    0x08004f48   0x08004f48   0x00000004   Code   RO         1054    i.MemManage_Handler  stm32f4xx_it.o
    0x08004f4c   0x08004f4c   0x00000002   Code   RO         1055    i.NMI_Handler       stm32f4xx_it.o
    0x08004f4e   0x08004f4e   0x00000002   PAD
    0x08004f50   0x08004f50   0x00000010   Code   RO         1056    i.OTG_FS_IRQHandler  stm32f4xx_it.o
    0x08004f60   0x08004f60   0x0000008c   Code   RO         1241    i.PCD_EP_OutSetupPacket_int  stm32f4xx_hal_pcd.o
    0x08004fec   0x08004fec   0x00000180   Code   RO         1242    i.PCD_EP_OutXfrComplete_int  stm32f4xx_hal_pcd.o
    0x0800516c   0x0800516c   0x000000b6   Code   RO         1243    i.PCD_WriteEmptyTxFifo  stm32f4xx_hal_pcd.o
    0x08005222   0x08005222   0x00000002   Code   RO         1057    i.PendSV_Handler    stm32f4xx_it.o
    0x08005224   0x08005224   0x00000094   Code   RO         2564    i.SPI_EndRxTransaction  stm32f4xx_hal_spi.o
    0x080052b8   0x080052b8   0x0000006c   Code   RO         2565    i.SPI_EndRxTxTransaction  stm32f4xx_hal_spi.o
    0x08005324   0x08005324   0x000000a8   Code   RO         2570    i.SPI_WaitFlagStateUntilTimeout  stm32f4xx_hal_spi.o
    0x080053cc   0x080053cc   0x00000002   Code   RO         1058    i.SVC_Handler       stm32f4xx_it.o
    0x080053ce   0x080053ce   0x00000008   Code   RO         1059    i.SysTick_Handler   stm32f4xx_it.o
    0x080053d6   0x080053d6   0x00000002   PAD
    0x080053d8   0x080053d8   0x000000b4   Code   RO          123    i.SystemClock_Config  main.o
    0x0800548c   0x0800548c   0x0000001c   Code   RO         4960    i.SystemInit        system_stm32f4xx.o
    0x080054a8   0x080054a8   0x00000010   Code   RO         1060    i.TIM3_IRQHandler   stm32f4xx_it.o
    0x080054b8   0x080054b8   0x000000d8   Code   RO         2928    i.TIM_Base_SetConfig  stm32f4xx_hal_tim.o
    0x08005590   0x08005590   0x00000016   Code   RO         2939    i.TIM_ETR_SetConfig  stm32f4xx_hal_tim.o
    0x080055a6   0x080055a6   0x00000012   Code   RO         2940    i.TIM_ITRx_SetConfig  stm32f4xx_hal_tim.o
    0x080055b8   0x080055b8   0x00000070   Code   RO         2941    i.TIM_OC1_SetConfig  stm32f4xx_hal_tim.o
    0x08005628   0x08005628   0x0000007c   Code   RO         2942    i.TIM_OC2_SetConfig  stm32f4xx_hal_tim.o
    0x080056a4   0x080056a4   0x00000078   Code   RO         2943    i.TIM_OC3_SetConfig  stm32f4xx_hal_tim.o
    0x0800571c   0x0800571c   0x00000054   Code   RO         2944    i.TIM_OC4_SetConfig  stm32f4xx_hal_tim.o
    0x08005770   0x08005770   0x000000aa   Code   RO         2945    i.TIM_SlaveTimer_SetConfig  stm32f4xx_hal_tim.o
    0x0800581a   0x0800581a   0x00000026   Code   RO         2946    i.TIM_TI1_ConfigInputStage  stm32f4xx_hal_tim.o
    0x08005840   0x08005840   0x00000028   Code   RO         2948    i.TIM_TI2_ConfigInputStage  stm32f4xx_hal_tim.o
    0x08005868   0x08005868   0x0000007c   Code   RO         5289    i.USBD_CDC_DataIn   usbd_cdc.o
    0x080058e4   0x080058e4   0x00000034   Code   RO         5290    i.USBD_CDC_DataOut  usbd_cdc.o
    0x08005918   0x08005918   0x0000004e   Code   RO         5291    i.USBD_CDC_DeInit   usbd_cdc.o
    0x08005966   0x08005966   0x00000032   Code   RO         5292    i.USBD_CDC_EP0_RxReady  usbd_cdc.o
    0x08005998   0x08005998   0x00000010   Code   RO         5293    i.USBD_CDC_GetDeviceQualifierDescriptor  usbd_cdc.o
    0x080059a8   0x080059a8   0x00000010   Code   RO         5294    i.USBD_CDC_GetFSCfgDesc  usbd_cdc.o
    0x080059b8   0x080059b8   0x00000010   Code   RO         5295    i.USBD_CDC_GetHSCfgDesc  usbd_cdc.o
    0x080059c8   0x080059c8   0x00000010   Code   RO         5296    i.USBD_CDC_GetOtherSpeedCfgDesc  usbd_cdc.o
    0x080059d8   0x080059d8   0x000000b8   Code   RO         5297    i.USBD_CDC_Init     usbd_cdc.o
    0x08005a90   0x08005a90   0x0000003a   Code   RO         5298    i.USBD_CDC_ReceivePacket  usbd_cdc.o
    0x08005aca   0x08005aca   0x0000000e   Code   RO         5299    i.USBD_CDC_RegisterInterface  usbd_cdc.o
    0x08005ad8   0x08005ad8   0x0000000e   Code   RO         5300    i.USBD_CDC_SetRxBuffer  usbd_cdc.o
    0x08005ae6   0x08005ae6   0x00000014   Code   RO         5301    i.USBD_CDC_SetTxBuffer  usbd_cdc.o
    0x08005afa   0x08005afa   0x000000f4   Code   RO         5302    i.USBD_CDC_Setup    usbd_cdc.o
    0x08005bee   0x08005bee   0x00000016   Code   RO         4996    i.USBD_ClrClassConfig  usbd_core.o
    0x08005c04   0x08005c04   0x0000003e   Code   RO         5134    i.USBD_ClrFeature   usbd_ctlreq.o
    0x08005c42   0x08005c42   0x00000018   Code   RO         5229    i.USBD_CtlContinueRx  usbd_ioreq.o
    0x08005c5a   0x08005c5a   0x00000018   Code   RO         5230    i.USBD_CtlContinueSendData  usbd_ioreq.o
    0x08005c72   0x08005c72   0x00000018   Code   RO         5135    i.USBD_CtlError     usbd_ctlreq.o
    0x08005c8a   0x08005c8a   0x00000028   Code   RO         5231    i.USBD_CtlPrepareRx  usbd_ioreq.o
    0x08005cb2   0x08005cb2   0x0000001a   Code   RO         5232    i.USBD_CtlReceiveStatus  usbd_ioreq.o
    0x08005ccc   0x08005ccc   0x00000022   Code   RO         5233    i.USBD_CtlSendData  usbd_ioreq.o
    0x08005cee   0x08005cee   0x0000001a   Code   RO         5234    i.USBD_CtlSendStatus  usbd_ioreq.o
    0x08005d08   0x08005d08   0x00000034   Code   RO          908    i.USBD_FS_ConfigStrDescriptor  usbd_desc.o
    0x08005d3c   0x08005d3c   0x00000010   Code   RO          909    i.USBD_FS_DeviceDescriptor  usbd_desc.o
    0x08005d4c   0x08005d4c   0x00000038   Code   RO          910    i.USBD_FS_InterfaceStrDescriptor  usbd_desc.o
    0x08005d84   0x08005d84   0x00000010   Code   RO          911    i.USBD_FS_LangIDStrDescriptor  usbd_desc.o
    0x08005d94   0x08005d94   0x0000002c   Code   RO          912    i.USBD_FS_ManufacturerStrDescriptor  usbd_desc.o
    0x08005dc0   0x08005dc0   0x00000040   Code   RO          913    i.USBD_FS_ProductStrDescriptor  usbd_desc.o
    0x08005e00   0x08005e00   0x00000018   Code   RO          914    i.USBD_FS_SerialStrDescriptor  usbd_desc.o
    0x08005e18   0x08005e18   0x00000056   Code   RO         5136    i.USBD_GetConfig    usbd_ctlreq.o
    0x08005e6e   0x08005e6e   0x00000152   Code   RO         5137    i.USBD_GetDescriptor  usbd_ctlreq.o
    0x08005fc0   0x08005fc0   0x00000014   Code   RO         5138    i.USBD_GetLen       usbd_ctlreq.o
    0x08005fd4   0x08005fd4   0x0000005a   Code   RO         5139    i.USBD_GetStatus    usbd_ctlreq.o
    0x0800602e   0x0800602e   0x00000052   Code   RO         5140    i.USBD_GetString    usbd_ctlreq.o
    0x08006080   0x08006080   0x0000002c   Code   RO          724    i.USBD_Get_USB_Status  usbd_conf.o
    0x080060ac   0x080060ac   0x00000032   Code   RO         4998    i.USBD_Init         usbd_core.o
    0x080060de   0x080060de   0x00000026   Code   RO          725    i.USBD_LL_ClearStallEP  usbd_conf.o
    0x08006104   0x08006104   0x00000026   Code   RO          726    i.USBD_LL_CloseEP   usbd_conf.o
    0x0800612a   0x0800612a   0x00000100   Code   RO         4999    i.USBD_LL_DataInStage  usbd_core.o
    0x0800622a   0x0800622a   0x000000a6   Code   RO         5000    i.USBD_LL_DataOutStage  usbd_core.o
    0x080062d0   0x080062d0   0x00000006   Code   RO         5001    i.USBD_LL_DevConnected  usbd_core.o
    0x080062d6   0x080062d6   0x0000001a   Code   RO         5002    i.USBD_LL_DevDisconnected  usbd_core.o
    0x080062f0   0x080062f0   0x00000012   Code   RO          730    i.USBD_LL_GetRxDataSize  usbd_conf.o
    0x08006302   0x08006302   0x00000002   PAD
    0x08006304   0x08006304   0x00000068   Code   RO          731    i.USBD_LL_Init      usbd_conf.o
    0x0800636c   0x0800636c   0x00000038   Code   RO          732    i.USBD_LL_IsStallEP  usbd_conf.o
    0x080063a4   0x080063a4   0x00000006   Code   RO         5003    i.USBD_LL_IsoINIncomplete  usbd_core.o
    0x080063aa   0x080063aa   0x00000006   Code   RO         5004    i.USBD_LL_IsoOUTIncomplete  usbd_core.o
    0x080063b0   0x080063b0   0x00000030   Code   RO          733    i.USBD_LL_OpenEP    usbd_conf.o
    0x080063e0   0x080063e0   0x00000030   Code   RO          734    i.USBD_LL_PrepareReceive  usbd_conf.o
    0x08006410   0x08006410   0x0000005c   Code   RO         5005    i.USBD_LL_Reset     usbd_core.o
    0x0800646c   0x0800646c   0x0000000e   Code   RO         5006    i.USBD_LL_Resume    usbd_core.o
    0x0800647a   0x0800647a   0x00000022   Code   RO         5007    i.USBD_LL_SOF       usbd_core.o
    0x0800649c   0x0800649c   0x00000008   Code   RO         5008    i.USBD_LL_SetSpeed  usbd_core.o
    0x080064a4   0x080064a4   0x00000026   Code   RO          735    i.USBD_LL_SetUSBAddress  usbd_conf.o
    0x080064ca   0x080064ca   0x0000006e   Code   RO         5009    i.USBD_LL_SetupStage  usbd_core.o
    0x08006538   0x08006538   0x00000026   Code   RO          736    i.USBD_LL_StallEP   usbd_conf.o
    0x0800655e   0x0800655e   0x0000001e   Code   RO          737    i.USBD_LL_Start     usbd_conf.o
    0x0800657c   0x0800657c   0x00000014   Code   RO         5010    i.USBD_LL_Suspend   usbd_core.o
    0x08006590   0x08006590   0x00000030   Code   RO          739    i.USBD_LL_Transmit  usbd_conf.o
    0x080065c0   0x080065c0   0x00000028   Code   RO         5141    i.USBD_ParseSetupRequest  usbd_ctlreq.o
    0x080065e8   0x080065e8   0x00000010   Code   RO         5011    i.USBD_RegisterClass  usbd_core.o
    0x080065f8   0x080065f8   0x00000006   Code   RO         5012    i.USBD_RunTestMode  usbd_core.o
    0x080065fe   0x080065fe   0x0000005a   Code   RO         5142    i.USBD_SetAddress   usbd_ctlreq.o
    0x08006658   0x08006658   0x00000022   Code   RO         5013    i.USBD_SetClassConfig  usbd_core.o
    0x0800667a   0x0800667a   0x00000002   PAD
    0x0800667c   0x0800667c   0x000000e8   Code   RO         5143    i.USBD_SetConfig    usbd_ctlreq.o
    0x08006764   0x08006764   0x00000018   Code   RO         5144    i.USBD_SetFeature   usbd_ctlreq.o
    0x0800677c   0x0800677c   0x0000000e   Code   RO         5014    i.USBD_Start        usbd_core.o
    0x0800678a   0x0800678a   0x000000a2   Code   RO         5145    i.USBD_StdDevReq    usbd_ctlreq.o
    0x0800682c   0x0800682c   0x00000238   Code   RO         5146    i.USBD_StdEPReq     usbd_ctlreq.o
    0x08006a64   0x08006a64   0x0000007e   Code   RO         5147    i.USBD_StdItfReq    usbd_ctlreq.o
    0x08006ae2   0x08006ae2   0x00000002   PAD
    0x08006ae4   0x08006ae4   0x000000d0   Code   RO         1477    i.USB_ActivateEndpoint  stm32f4xx_ll_usb.o
    0x08006bb4   0x08006bb4   0x00000046   Code   RO         1479    i.USB_ActivateSetup  stm32f4xx_ll_usb.o
    0x08006bfa   0x08006bfa   0x00000002   PAD
    0x08006bfc   0x08006bfc   0x00000084   Code   RO         1481    i.USB_CoreInit      stm32f4xx_ll_usb.o
    0x08006c80   0x08006c80   0x0000004c   Code   RO         1482    i.USB_CoreReset     stm32f4xx_ll_usb.o
    0x08006ccc   0x08006ccc   0x000000c4   Code   RO         1485    i.USB_DeactivateEndpoint  stm32f4xx_ll_usb.o
    0x08006d90   0x08006d90   0x00000020   Code   RO         1486    i.USB_DevConnect    stm32f4xx_ll_usb.o
    0x08006db0   0x08006db0   0x00000020   Code   RO         1487    i.USB_DevDisconnect  stm32f4xx_ll_usb.o
    0x08006dd0   0x08006dd0   0x000001f4   Code   RO         1488    i.USB_DevInit       stm32f4xx_ll_usb.o
    0x08006fc4   0x08006fc4   0x0000000e   Code   RO         1489    i.USB_DisableGlobalInt  stm32f4xx_ll_usb.o
    0x08006fd2   0x08006fd2   0x00000002   PAD
    0x08006fd4   0x08006fd4   0x000001d8   Code   RO         1492    i.USB_EP0StartXfer  stm32f4xx_ll_usb.o
    0x080071ac   0x080071ac   0x00000070   Code   RO         1493    i.USB_EP0_OutStart  stm32f4xx_ll_usb.o
    0x0800721c   0x0800721c   0x0000008e   Code   RO         1494    i.USB_EPClearStall  stm32f4xx_ll_usb.o
    0x080072aa   0x080072aa   0x0000009a   Code   RO         1495    i.USB_EPSetStall    stm32f4xx_ll_usb.o
    0x08007344   0x08007344   0x00000344   Code   RO         1496    i.USB_EPStartXfer   stm32f4xx_ll_usb.o
    0x08007688   0x08007688   0x0000000e   Code   RO         1497    i.USB_EnableGlobalInt  stm32f4xx_ll_usb.o
    0x08007696   0x08007696   0x00000002   PAD
    0x08007698   0x08007698   0x0000002c   Code   RO         1498    i.USB_FlushRxFifo   stm32f4xx_ll_usb.o
    0x080076c4   0x080076c4   0x00000030   Code   RO         1499    i.USB_FlushTxFifo   stm32f4xx_ll_usb.o
    0x080076f4   0x080076f4   0x00000026   Code   RO         1501    i.USB_GetDevSpeed   stm32f4xx_ll_usb.o
    0x0800771a   0x0800771a   0x0000000a   Code   RO         1503    i.USB_GetMode       stm32f4xx_ll_usb.o
    0x08007724   0x08007724   0x00000014   Code   RO         1510    i.USB_ReadDevAllInEpInterrupt  stm32f4xx_ll_usb.o
    0x08007738   0x08007738   0x00000014   Code   RO         1511    i.USB_ReadDevAllOutEpInterrupt  stm32f4xx_ll_usb.o
    0x0800774c   0x0800774c   0x00000032   Code   RO         1512    i.USB_ReadDevInEPInterrupt  stm32f4xx_ll_usb.o
    0x0800777e   0x0800777e   0x0000001a   Code   RO         1513    i.USB_ReadDevOutEPInterrupt  stm32f4xx_ll_usb.o
    0x08007798   0x08007798   0x0000000a   Code   RO         1514    i.USB_ReadInterrupts  stm32f4xx_ll_usb.o
    0x080077a2   0x080077a2   0x00000022   Code   RO         1515    i.USB_ReadPacket    stm32f4xx_ll_usb.o
    0x080077c4   0x080077c4   0x00000036   Code   RO         1517    i.USB_SetCurrentMode  stm32f4xx_ll_usb.o
    0x080077fa   0x080077fa   0x0000002a   Code   RO         1518    i.USB_SetDevAddress  stm32f4xx_ll_usb.o
    0x08007824   0x08007824   0x00000012   Code   RO         1519    i.USB_SetDevSpeed   stm32f4xx_ll_usb.o
    0x08007836   0x08007836   0x00000002   PAD
    0x08007838   0x08007838   0x000000e8   Code   RO         1520    i.USB_SetTurnaroundTime  stm32f4xx_ll_usb.o
    0x08007920   0x08007920   0x0000003c   Code   RO         1523    i.USB_WritePacket   stm32f4xx_ll_usb.o
    0x0800795c   0x0800795c   0x00000004   Code   RO         1061    i.UsageFault_Handler  stm32f4xx_it.o
    0x08007960   0x08007960   0x00000010   Code   RO         4579    i.__NVIC_GetPriorityGrouping  stm32f4xx_hal_cortex.o
    0x08007970   0x08007970   0x00000028   Code   RO         4580    i.__NVIC_SetPriority  stm32f4xx_hal_cortex.o
    0x08007998   0x08007998   0x000000b0   Code   RO         5391    i.__hardfp_fmodf    m_wm.l(fmodf.o)
    0x08007a48   0x08007a48   0x0000003a   Code   RO         5403    i.__hardfp_sqrtf    m_wm.l(sqrtf.o)
    0x08007a82   0x08007a82   0x00000002   PAD
    0x08007a84   0x08007a84   0x00000010   Code   RO         5469    i.__mathlib_flt_invalid  m_wm.l(funder.o)
    0x08007a94   0x08007a94   0x0000000e   Code   RO         5520    i.__scatterload_copy  mc_w.l(handlers.o)
    0x08007aa2   0x08007aa2   0x00000002   Code   RO         5521    i.__scatterload_null  mc_w.l(handlers.o)
    0x08007aa4   0x08007aa4   0x0000000e   Code   RO         5522    i.__scatterload_zeroinit  mc_w.l(handlers.o)
    0x08007ab2   0x08007ab2   0x00000002   PAD
    0x08007ab4   0x08007ab4   0x0000000c   Code   RO         5504    i.__set_errno       mc_w.l(errno.o)
    0x08007ac0   0x08007ac0   0x00000100   Code   RO          124    i._atan2_           main.o
    0x08007bc0   0x08007bc0   0x0000009c   Code   RO          125    i._atan_            main.o
    0x08007c5c   0x08007c5c   0x00000562   Code   RO           72    i._sincos_1_        current_functions.o
    0x080081be   0x080081be   0x00000002   PAD
    0x080081c0   0x080081c0   0x00000030   Code   RO           80    i.clark_transform   current_functions.o
    0x080081f0   0x080081f0   0x0000001e   Code   RO           36    i.constrain         pid_controller.o
    0x0800820e   0x0800820e   0x00000002   PAD
    0x08008210   0x08008210   0x00000050   Code   RO         5426    i.free              mc_w.l(malloc.o)
    0x08008260   0x08008260   0x00000058   Code   RO           98    i.inv_clark_transform  current_functions.o
    0x080082b8   0x080082b8   0x00000066   Code   RO           92    i.inv_park_transform  current_functions.o
    0x0800831e   0x0800831e   0x00000002   PAD
    0x08008320   0x08008320   0x00000280   Code   RO          127    i.main              main.o
    0x080085a0   0x080085a0   0x0000006c   Code   RO         5427    i.malloc            mc_w.l(malloc.o)
    0x0800860c   0x0800860c   0x00000084   Code   RO         1178    i.motor_calibrate   motor_calibration.o
    0x08008690   0x08008690   0x00000062   Code   RO           86    i.park_transform    current_functions.o
    0x080086f2   0x080086f2   0x00000088   Code   RO           50    i.pi_update         pid_controller.o
    0x0800877a   0x0800877a   0x00000002   PAD
    0x0800877c   0x0800877c   0x000000c0   Code   RO           56    i.pll_update        pid_controller.o
    0x0800883c   0x0800883c   0x00000008   Data   RO         4296    .constdata          stm32f4xx_hal_dma.o
    0x08008844   0x08008844   0x00000018   Data   RO         4961    .constdata          system_stm32f4xx.o
    0x0800885c   0x0800885c   0x00000020   Data   RO         5518    Region$$Table       anon$$obj.o


    Execution Region RW_IRAM1 (Exec base: 0x20000000, Load base: 0x0800887c, Size: 0x00003510, Max: 0x00020000, ABSOLUTE, COMPRESSED[0x000000cc])

    Exec Addr    Load Addr    Size         Type   Attr      Idx    E Section Name        Object

    0x20000000   COMPRESSED   0x00000055   Data   RW          129    .data               main.o
    0x20000055   COMPRESSED   0x00000003   PAD
    0x20000058   COMPRESSED   0x0000004e   Data   RW          916    .data               usbd_desc.o
    0x200000a6   COMPRESSED   0x00000002   PAD
    0x200000a8   COMPRESSED   0x00000010   Data   RW         1002    .data               usbd_cdc_if.o
    0x200000b8   COMPRESSED   0x00000009   Data   RW         4728    .data               stm32f4xx_hal.o
    0x200000c1   COMPRESSED   0x00000003   PAD
    0x200000c4   COMPRESSED   0x00000004   Data   RW         4962    .data               system_stm32f4xx.o
    0x200000c8   COMPRESSED   0x00000001   Data   RW         5148    .data               usbd_ctlreq.o
    0x200000c9   COMPRESSED   0x00000003   PAD
    0x200000cc   COMPRESSED   0x0000010f   Data   RW         5304    .data               usbd_cdc.o
    0x200001db   COMPRESSED   0x00000001   PAD
    0x200001dc   COMPRESSED   0x00000004   Data   RW         5500    .data               mc_w.l(mvars.o)
    0x200001e0   COMPRESSED   0x00000004   Data   RW         5501    .data               mc_w.l(mvars.o)
    0x200001e4   COMPRESSED   0x00000004   Data   RW         5505    .data               mc_w.l(errno.o)
    0x200001e8        -       0x0000015c   Zero   RW          128    .bss                main.o
    0x20000344        -       0x000000f0   Zero   RW          426    .bss                adc.o
    0x20000434        -       0x00000028   Zero   RW          473    .bss                can.o
    0x2000045c        -       0x00000014   Zero   RW          515    .bss                dac.o
    0x20000470        -       0x000000b8   Zero   RW          581    .bss                spi.o
    0x20000528        -       0x000000c0   Zero   RW          626    .bss                tim.o
    0x200005e8        -       0x0000029c   Zero   RW          681    .bss                usb_device.o
    0x20000884        -       0x00000408   Zero   RW          740    .bss                usbd_conf.o
    0x20000c8c        -       0x00000200   Zero   RW          915    .bss                usbd_desc.o
    0x20000e8c        -       0x00000080   Zero   RW         1001    .bss                usbd_cdc_if.o
    0x20000f0c        -       0x00002000   Zero   RW         1179    .bss                motor_calibration.o
    0x20002f0c   COMPRESSED   0x00000004   PAD
    0x20002f10        -       0x00000200   Zero   RW            2    HEAP                startup_stm32f405xx.o
    0x20003110        -       0x00000400   Zero   RW            1    STACK               startup_stm32f405xx.o


==============================================================================

Image component sizes


      Code (inc. data)   RO Data    RW Data    ZI Data      Debug   Object Name

       748         48          0          0        240       2708   adc.o
       268         22          0          0         40       1657   can.o
      1714         76          0          0          0       4302   current_functions.o
       188         24          0          0         20       1615   dac.o
        72          4          0          0          0        742   dma.o
         0          0          0          0          0       4508   fmath.o
       240         16          0          0          0        975   gpio.o
      2394        304          0         85        348     689145   main.o
       132          8          0          0       8192       1225   motor_calibration.o
       358         16          0          0          0       4240   pid_controller.o
       316         32          0          0        184       1742   spi.o
        36          8        392          0       1536        832   startup_stm32f405xx.o
       212         36          0          9          0       9365   stm32f4xx_hal.o
      1174         54          0          0          0       5333   stm32f4xx_hal_adc.o
       546         30          0          0          0       4102   stm32f4xx_hal_adc_ex.o
      2134          6          0          0          0      14247   stm32f4xx_hal_can.o
       304         22          0          0          0      34427   stm32f4xx_hal_cortex.o
       270          0          0          0          0       2763   stm32f4xx_hal_dac.o
      1224         16          8          0          0       5523   stm32f4xx_hal_dma.o
       524         46          0          0          0       2296   stm32f4xx_hal_gpio.o
        72          4          0          0          0        822   stm32f4xx_hal_msp.o
      3242         18          0          0          0      12853   stm32f4xx_hal_pcd.o
        90          0          0          0          0       2421   stm32f4xx_hal_pcd_ex.o
      1736         64          0          0          0       4434   stm32f4xx_hal_rcc.o
      1474          8          0          0          0       6439   stm32f4xx_hal_spi.o
      2312         90          0          0          0      18291   stm32f4xx_hal_tim.o
       300         30          0          0          0       3301   stm32f4xx_hal_tim_ex.o
       112         30          0          0          0       6514   stm32f4xx_it.o
      3696        112          0          0          0      22534   stm32f4xx_ll_usb.o
        28          4         24          4          0       1119   system_stm32f4xx.o
      1008         58          0          0        192       4162   tim.o
        76         16          0          0        668        732   usb_device.o
       902         24          0        271          0      12664   usbd_cdc.o
       136         16          0         16        128       2762   usbd_cdc_if.o
       982         18          0          0       1032      15596   usbd_conf.o
       886          0          0          0          0      12921   usbd_core.o
      1944         28          0          1          0      11020   usbd_ctlreq.o
       386        122          0         78        512       6577   usbd_desc.o
       174          0          0          0          0       4688   usbd_ioreq.o

    ----------------------------------------------------------------------
     32456       1410        456        476      13096     941597   Object Totals
         0          0         32          0          0          0   (incl. Generated)
        46          0          0         12          4          0   (incl. Padding)

    ----------------------------------------------------------------------

      Code (inc. data)   RO Data    RW Data    ZI Data      Debug   Library Member Name

       176          0          0          0          0        168   fmodf.o
        16          6          0          0          0        116   funder.o
        58          0          0          0          0        136   sqrtf.o
        86          0          0          0          0          0   __dczerorl2.o
         0          0          0          0          0          0   entry.o
         0          0          0          0          0          0   entry10a.o
         0          0          0          0          0          0   entry11a.o
         8          4          0          0          0          0   entry2.o
         4          0          0          0          0          0   entry5.o
         0          0          0          0          0          0   entry7b.o
         0          0          0          0          0          0   entry8b.o
         8          4          0          0          0          0   entry9a.o
        12          6          0          4          0         68   errno.o
        30          0          0          0          0          0   handlers.o
        36          8          0          0          0         68   init.o
         0          0          0          0          0          0   iusefp.o
        30          0          0          0          0         68   llshl.o
        36          0          0          0          0         68   llsshr.o
        32          0          0          0          0         68   llushr.o
       188         20          0          0          0        160   malloc.o
        36          0          0          0          0         68   memcpya.o
        36          0          0          0          0        108   memseta.o
         0          0          0          8          0          0   mvars.o
        98          0          0          0          0         92   uldiv.o
        48          0          0          0          0         68   cdcmple.o
        48          0          0          0          0         68   cdrcmple.o
        56          0          0          0          0         88   d2f.o
       334          0          0          0          0        148   dadd.o
       186          0          0          0          0        176   depilogue.o
       228          0          0          0          0         96   dmul.o
        38          0          0          0          0         68   f2d.o
       110          0          0          0          0        168   fepilogue.o
        82          0          0          0          0         96   frem.o

    ----------------------------------------------------------------------
      2028         48          0         12          0       2164   Library Totals
         8          0          0          0          0          0   (incl. Padding)

    ----------------------------------------------------------------------

      Code (inc. data)   RO Data    RW Data    ZI Data      Debug   Library Name

       250          6          0          0          0        420   m_wm.l
       640         42          0         12          0        768   mc_w.l
      1130          0          0          0          0        976   mf_w.l

    ----------------------------------------------------------------------
      2028         48          0         12          0       2164   Library Totals

    ----------------------------------------------------------------------

==============================================================================


      Code (inc. data)   RO Data    RW Data    ZI Data      Debug   

     34484       1458        456        488      13096     915713   Grand Totals
     34484       1458        456        204      13096     915713   ELF Image Totals (compressed)
     34484       1458        456        204          0          0   ROM Totals

==============================================================================

    Total RO  Size (Code + RO Data)                34940 (  34.12kB)
    Total RW  Size (RW Data + ZI Data)             13584 (  13.27kB)
    Total ROM Size (Code + RO Data + RW Data)      35144 (  34.32kB)

==============================================================================

